Component: ARM Compiler 5.06 update 4 (build 422) Tool: armlink [4d35d2]

==============================================================================

Section Cross References

    headsup.o(i.PIT0_IRQHandler) refers to fsl_debug_console.o(i.debug_printf) for debug_printf
    headsup.o(i.PIT0_IRQHandler) refers to headsup.o(i.game_over) for game_over
    headsup.o(i.PIT0_IRQHandler) refers to headsup.o(.data) for seconds
    headsup.o(i.PIT1_IRQHandler) refers to fxos8700.o(i.Accelerometer_GetState) for Accelerometer_GetState
    headsup.o(i.PIT1_IRQHandler) refers to fsl_debug_console.o(i.debug_printf) for debug_printf
    headsup.o(i.PIT1_IRQHandler) refers to headsup.o(i.print_next) for print_next
    headsup.o(i.PIT1_IRQHandler) refers to headsup.o(.data) for seconds
    headsup.o(i.PIT1_IRQHandler) refers to headsup.o(.bss) for state
    headsup.o(i.PORTA_IRQHandler) refers to fsl_debug_console.o(i.debug_printf) for debug_printf
    headsup.o(i.game_over) refers to fsl_debug_console.o(i.debug_printf) for debug_printf
    headsup.o(i.game_over) refers to headsup.o(.data) for words_correct
    headsup.o(i.main) refers to hardware_init.o(i.hardware_init) for hardware_init
    headsup.o(i.main) refers to fxos8700.o(i.Accelerometer_Initialize) for Accelerometer_Initialize
    headsup.o(i.main) refers to headsup.o(i.__NVIC_EnableIRQ) for __NVIC_EnableIRQ
    headsup.o(i.main) refers to rand.o(.text) for srand
    headsup.o(i.main) refers to headsup.o(.data) for seconds
    headsup.o(i.main) refers to headsup.o(.bss) for sports
    headsup.o(i.main) refers to fsl_debug_console.o(i.debug_printf) for debug_printf
    headsup.o(i.main) refers to fxos8700.o(i.Accelerometer_GetState) for Accelerometer_GetState
    headsup.o(i.main) refers to headsup.o(.conststring) for .conststring
    headsup.o(i.main) refers to headsup.o(i.timer_setup) for timer_setup
    headsup.o(i.main) refers to headsup.o(i.shuffle) for shuffle
    headsup.o(i.main) refers to headsup.o(i.print_next) for print_next
    headsup.o(i.print_next) refers to fsl_debug_console.o(i.debug_printf) for debug_printf
    headsup.o(i.print_next) refers to headsup.o(i.game_over) for game_over
    headsup.o(i.print_next) refers to headsup.o(.data) for list_ind
    headsup.o(i.shuffle) refers to rand.o(.emb_text) for rand
    headsup.o(i.timer_setup) refers to headsup.o(i.__NVIC_EnableIRQ) for __NVIC_EnableIRQ
    headsup.o(i.timer_setup) refers to headsup.o(i.__NVIC_SetPriority) for __NVIC_SetPriority
    fxos8700.o(i.Accelerometer_GetState) refers to fxos8700.o(.data) for Status
    fxos8700.o(i.Accelerometer_GetState) refers to i2c_mk64f.o(.constdata) for Driver_I2C0
    fxos8700.o(i.Accelerometer_Initialize) refers to fxos8700.o(i.Initialize) for Initialize
    fxos8700.o(i.Accelerometer_Initialize) refers to fxos8700.o(.data) for Status
    fxos8700.o(i.Accelerometer_Uninitialize) refers to fxos8700.o(.data) for Status
    fxos8700.o(i.Initialize) refers to fxos8700.o(i.Register_Read) for Register_Read
    fxos8700.o(i.Initialize) refers to fxos8700.o(i.Register_Write) for Register_Write
    fxos8700.o(i.Initialize) refers to fxos8700.o(.data) for Status
    fxos8700.o(i.Initialize) refers to i2c_mk64f.o(.constdata) for Driver_I2C0
    fxos8700.o(i.Magnetometer_GetState) refers to fxos8700.o(.data) for Status
    fxos8700.o(i.Magnetometer_GetState) refers to i2c_mk64f.o(.constdata) for Driver_I2C0
    fxos8700.o(i.Magnetometer_Initialize) refers to fxos8700.o(i.Initialize) for Initialize
    fxos8700.o(i.Magnetometer_Initialize) refers to fxos8700.o(.data) for Status
    fxos8700.o(i.Magnetometer_Uninitialize) refers to fxos8700.o(.data) for Status
    fxos8700.o(i.Register_Read) refers to i2c_mk64f.o(.constdata) for Driver_I2C0
    fxos8700.o(i.Register_Write) refers to i2c_mk64f.o(.constdata) for Driver_I2C0
    i2c_mk64f.o(i.EDMA_DRV_PrepareDescriptorTransfer) refers to fsl_edma_hal.o(i.EDMA_HAL_STCDSetBasicTransfer) for EDMA_HAL_STCDSetBasicTransfer
    i2c_mk64f.o(i.EDMA_DRV_PrepareDescriptorTransfer) refers to fsl_edma_common.o(.constdata) for g_edmaBase
    i2c_mk64f.o(i.EDMA_HAL_STCDSetBandwidth) refers to assert.o(.text) for __aeabi_assert
    i2c_mk64f.o(i.EDMA_HAL_STCDSetBandwidth) refers to i2c_mk64f.o(.conststring) for .conststring
    i2c_mk64f.o(i.EDMA_HAL_STCDSetChannelMajorLink) refers to assert.o(.text) for __aeabi_assert
    i2c_mk64f.o(i.EDMA_HAL_STCDSetChannelMajorLink) refers to i2c_mk64f.o(.conststring) for .conststring
    i2c_mk64f.o(i.EDMA_HAL_STCDSetDisableDmaRequestAfterTCDDoneCmd) refers to assert.o(.text) for __aeabi_assert
    i2c_mk64f.o(i.EDMA_HAL_STCDSetDisableDmaRequestAfterTCDDoneCmd) refers to i2c_mk64f.o(.conststring) for .conststring
    i2c_mk64f.o(i.EDMA_HAL_STCDSetHalfCompleteIntCmd) refers to assert.o(.text) for __aeabi_assert
    i2c_mk64f.o(i.EDMA_HAL_STCDSetHalfCompleteIntCmd) refers to i2c_mk64f.o(.conststring) for .conststring
[...]
    i.I2C0_MasterReceive                     0x000020a8   Section        0  i2c_mk64f.o(i.I2C0_MasterReceive)
    I2C0_MasterReceive                       0x000020a9   Thumb Code    28  i2c_mk64f.o(i.I2C0_MasterReceive)
    i.I2C0_MasterTransmit                    0x000020c8   Section        0  i2c_mk64f.o(i.I2C0_MasterTransmit)
    I2C0_MasterTransmit                      0x000020c9   Thumb Code    28  i2c_mk64f.o(i.I2C0_MasterTransmit)
    i.I2C0_PowerControl                      0x000020e8   Section        0  i2c_mk64f.o(i.I2C0_PowerControl)
    I2C0_PowerControl                        0x000020e9   Thumb Code    14  i2c_mk64f.o(i.I2C0_PowerControl)
    i.I2C0_SlaveReceive                      0x000020fc   Section        0  i2c_mk64f.o(i.I2C0_SlaveReceive)
    I2C0_SlaveReceive                        0x000020fd   Thumb Code    18  i2c_mk64f.o(i.I2C0_SlaveReceive)
    i.I2C0_SlaveTransmit                     0x00002114   Section        0  i2c_mk64f.o(i.I2C0_SlaveTransmit)
    I2C0_SlaveTransmit                       0x00002115   Thumb Code    18  i2c_mk64f.o(i.I2C0_SlaveTransmit)
    i.I2C0_Uninitialize                      0x0000212c   Section        0  i2c_mk64f.o(i.I2C0_Uninitialize)
    I2C0_Uninitialize                        0x0000212d   Thumb Code    10  i2c_mk64f.o(i.I2C0_Uninitialize)
    i.I2C1_Control                           0x0000213c   Section        0  i2c_mk64f.o(i.I2C1_Control)
    I2C1_Control                             0x0000213d   Thumb Code    18  i2c_mk64f.o(i.I2C1_Control)
    i.I2C1_GetDataCount                      0x00002154   Section        0  i2c_mk64f.o(i.I2C1_GetDataCount)
    I2C1_GetDataCount                        0x00002155   Thumb Code    10  i2c_mk64f.o(i.I2C1_GetDataCount)
    i.I2C1_GetStatus                         0x00002164   Section        0  i2c_mk64f.o(i.I2C1_GetStatus)
    I2C1_GetStatus                           0x00002165   Thumb Code    12  i2c_mk64f.o(i.I2C1_GetStatus)
    i.I2C1_IRQHandler                        0x00002174   Section        0  i2c_mk64f.o(i.I2C1_IRQHandler)
    i.I2C1_Initialize                        0x00002184   Section        0  i2c_mk64f.o(i.I2C1_Initialize)
    I2C1_Initialize                          0x00002185   Thumb Code    14  i2c_mk64f.o(i.I2C1_Initialize)
    i.I2C1_MasterReceive                     0x00002198   Section        0  i2c_mk64f.o(i.I2C1_MasterReceive)
    I2C1_MasterReceive                       0x00002199   Thumb Code    28  i2c_mk64f.o(i.I2C1_MasterReceive)
    i.I2C1_MasterTransmit                    0x000021b8   Section        0  i2c_mk64f.o(i.I2C1_MasterTransmit)
    I2C1_MasterTransmit                      0x000021b9   Thumb Code    28  i2c_mk64f.o(i.I2C1_MasterTransmit)
    i.I2C1_PowerControl                      0x000021d8   Section        0  i2c_mk64f.o(i.I2C1_PowerControl)
    I2C1_PowerControl                        0x000021d9   Thumb Code    14  i2c_mk64f.o(i.I2C1_PowerControl)
    i.I2C1_SlaveReceive                      0x000021ec   Section        0  i2c_mk64f.o(i.I2C1_SlaveReceive)
    I2C1_SlaveReceive                        0x000021ed   Thumb Code    18  i2c_mk64f.o(i.I2C1_SlaveReceive)
    i.I2C1_SlaveTransmit                     0x00002204   Section        0  i2c_mk64f.o(i.I2C1_SlaveTransmit)
    I2C1_SlaveTransmit                       0x00002205   Thumb Code    18  i2c_mk64f.o(i.I2C1_SlaveTransmit)
    i.I2C1_Uninitialize                      0x0000221c   Section        0  i2c_mk64f.o(i.I2C1_Uninitialize)
    I2C1_Uninitialize                        0x0000221d   Thumb Code    10  i2c_mk64f.o(i.I2C1_Uninitialize)
    i.I2C2_Control                           0x0000222c   Section        0  i2c_mk64f.o(i.I2C2_Control)
    I2C2_Control                             0x0000222d   Thumb Code    18  i2c_mk64f.o(i.I2C2_Control)
    i.I2C2_GetDataCount                      0x00002244   Section        0  i2c_mk64f.o(i.I2C2_GetDataCount)
    I2C2_GetDataCount                        0x00002245   Thumb Code    10  i2c_mk64f.o(i.I2C2_GetDataCount)
    i.I2C2_GetStatus                         0x00002254   Section        0  i2c_mk64f.o(i.I2C2_GetStatus)
    I2C2_GetStatus                           0x00002255   Thumb Code    12  i2c_mk64f.o(i.I2C2_GetStatus)
    i.I2C2_IRQHandler                        0x00002264   Section        0  i2c_mk64f.o(i.I2C2_IRQHandler)
    i.I2C2_Initialize                        0x00002274   Section        0  i2c_mk64f.o(i.I2C2_Initialize)
    I2C2_Initialize                          0x00002275   Thumb Code    14  i2c_mk64f.o(i.I2C2_Initialize)
    i.I2C2_MasterReceive                     0x00002288   Section        0  i2c_mk64f.o(i.I2C2_MasterReceive)
    I2C2_MasterReceive                       0x00002289   Thumb Code    28  i2c_mk64f.o(i.I2C2_MasterReceive)
    i.I2C2_MasterTransmit                    0x000022a8   Section        0  i2c_mk64f.o(i.I2C2_MasterTransmit)
    I2C2_MasterTransmit                      0x000022a9   Thumb Code    28  i2c_mk64f.o(i.I2C2_MasterTransmit)
    i.I2C2_PowerControl                      0x000022c8   Section        0  i2c_mk64f.o(i.I2C2_PowerControl)
    I2C2_PowerControl                        0x000022c9   Thumb Code    14  i2c_mk64f.o(i.I2C2_PowerControl)
    i.I2C2_SlaveReceive                      0x000022dc   Section        0  i2c_mk64f.o(i.I2C2_SlaveReceive)
    I2C2_SlaveReceive                        0x000022dd   Thumb Code    18  i2c_mk64f.o(i.I2C2_SlaveReceive)
    i.I2C2_SlaveTransmit                     0x000022f4   Section        0  i2c_mk64f.o(i.I2C2_SlaveTransmit)
    I2C2_SlaveTransmit                       0x000022f5   Thumb Code    18  i2c_mk64f.o(i.I2C2_SlaveTransmit)
    i.I2C2_Uninitialize                      0x0000230c   Section        0  i2c_mk64f.o(i.I2C2_Uninitialize)
    I2C2_Uninitialize                        0x0000230d   Thumb Code    10  i2c_mk64f.o(i.I2C2_Uninitialize)
    i.I2CX_GetCapabilities                   0x0000231c   Section        0  i2c_mk64f.o(i.I2CX_GetCapabilities)
    I2CX_GetCapabilities                     0x0000231d   Thumb Code     6  i2c_mk64f.o(i.I2CX_GetCapabilities)
    i.I2CX_GetVersion                        0x00002328   Section        0  i2c_mk64f.o(i.I2CX_GetVersion)
    I2CX_GetVersion                          0x00002329   Thumb Code    10  i2c_mk64f.o(i.I2CX_GetVersion)
    i.I2C_Control                            0x00002338   Section        0  i2c_mk64f.o(i.I2C_Control)
    I2C_Control                              0x00002339   Thumb Code   480  i2c_mk64f.o(i.I2C_Control)
    i.I2C_GetDataCount                       0x0000252c   Section        0  i2c_mk64f.o(i.I2C_GetDataCount)
    I2C_GetDataCount                         0x0000252d   Thumb Code    20  i2c_mk64f.o(i.I2C_GetDataCount)
    i.I2C_GetStatus                          0x00002540   Section        0  i2c_mk64f.o(i.I2C_GetStatus)
    I2C_GetStatus                            0x00002541   Thumb Code     8  i2c_mk64f.o(i.I2C_GetStatus)
    i.I2C_HAL_ClearInt                       0x00002548   Section        0  i2c_mk64f.o(i.I2C_HAL_ClearInt)
    I2C_HAL_ClearInt                         0x00002549   Thumb Code     6  i2c_mk64f.o(i.I2C_HAL_ClearInt)
    i.I2C_HAL_GetStatusFlag                  0x0000254e   Section        0  i2c_mk64f.o(i.I2C_HAL_GetStatusFlag)
    I2C_HAL_GetStatusFlag                    0x0000254f   Thumb Code    12  i2c_mk64f.o(i.I2C_HAL_GetStatusFlag)
    i.I2C_HAL_GetStatusFlag                  0x0000255a   Section        0  fsl_i2c_hal.o(i.I2C_HAL_GetStatusFlag)
    I2C_HAL_GetStatusFlag                    0x0000255b   Thumb Code    12  fsl_i2c_hal.o(i.I2C_HAL_GetStatusFlag)
    i.I2C_HAL_Init                           0x00002566   Section        0  fsl_i2c_hal.o(i.I2C_HAL_Init)
    i.I2C_HAL_IsMaster                       0x00002584   Section        0  i2c_mk64f.o(i.I2C_HAL_IsMaster)
    I2C_HAL_IsMaster                         0x00002585   Thumb Code    22  i2c_mk64f.o(i.I2C_HAL_IsMaster)
    i.I2C_HAL_ReadByte                       0x0000259a   Section        0  i2c_mk64f.o(i.I2C_HAL_ReadByte)
    I2C_HAL_ReadByte                         0x0000259b   Thumb Code     6  i2c_mk64f.o(i.I2C_HAL_ReadByte)
    i.I2C_HAL_SendAck                        0x000025a0   Section        0  i2c_mk64f.o(i.I2C_HAL_SendAck)
    I2C_HAL_SendAck                          0x000025a1   Thumb Code    14  i2c_mk64f.o(i.I2C_HAL_SendAck)
    i.I2C_HAL_SendNak                        0x000025ae   Section        0  i2c_mk64f.o(i.I2C_HAL_SendNak)
    I2C_HAL_SendNak                          0x000025af   Thumb Code    14  i2c_mk64f.o(i.I2C_HAL_SendNak)
    i.I2C_HAL_SendStart                      0x000025bc   Section        0  fsl_i2c_hal.o(i.I2C_HAL_SendStart)
    i.I2C_HAL_SendStop                       0x000025e0   Section        0  fsl_i2c_hal.o(i.I2C_HAL_SendStop)
    i.I2C_HAL_SetAddress10bit                0x0000264c   Section        0  fsl_i2c_hal.o(i.I2C_HAL_SetAddress10bit)
    i.I2C_HAL_SetAddress7bit                 0x0000266e   Section        0  fsl_i2c_hal.o(i.I2C_HAL_SetAddress7bit)
    i.I2C_HAL_SetBaudRate                    0x00002684   Section        0  fsl_i2c_hal.o(i.I2C_HAL_SetBaudRate)
    i.I2C_HAL_SetDirMode                     0x0000272c   Section        0  i2c_mk64f.o(i.I2C_HAL_SetDirMode)
    I2C_HAL_SetDirMode                       0x0000272d   Thumb Code    12  i2c_mk64f.o(i.I2C_HAL_SetDirMode)
    i.I2C_HAL_SetDmaCmd                      0x00002738   Section        0  i2c_mk64f.o(i.I2C_HAL_SetDmaCmd)
    I2C_HAL_SetDmaCmd                        0x00002739   Thumb Code    12  i2c_mk64f.o(i.I2C_HAL_SetDmaCmd)
    i.I2C_HAL_SetIntCmd                      0x00002744   Section        0  i2c_mk64f.o(i.I2C_HAL_SetIntCmd)
    I2C_HAL_SetIntCmd                        0x00002745   Thumb Code    12  i2c_mk64f.o(i.I2C_HAL_SetIntCmd)
    i.I2C_HAL_WriteByte                      0x00002750   Section        0  i2c_mk64f.o(i.I2C_HAL_WriteByte)
    I2C_HAL_WriteByte                        0x00002751   Thumb Code     4  i2c_mk64f.o(i.I2C_HAL_WriteByte)
    i.I2C_Initialize                         0x00002754   Section        0  i2c_mk64f.o(i.I2C_Initialize)
    I2C_Initialize                           0x00002755   Thumb Code   244  i2c_mk64f.o(i.I2C_Initialize)
    i.I2C_MasterReceive                      0x0000284c   Section        0  i2c_mk64f.o(i.I2C_MasterReceive)
    I2C_MasterReceive                        0x0000284d   Thumb Code   318  i2c_mk64f.o(i.I2C_MasterReceive)
    i.I2C_MasterTransmit                     0x0000298a   Section        0  i2c_mk64f.o(i.I2C_MasterTransmit)
    I2C_MasterTransmit                       0x0000298b   Thumb Code   318  i2c_mk64f.o(i.I2C_MasterTransmit)
    i.I2C_PowerControl                       0x00002ac8   Section        0  i2c_mk64f.o(i.I2C_PowerControl)
    I2C_PowerControl                         0x00002ac9   Thumb Code   352  i2c_mk64f.o(i.I2C_PowerControl)
    i.I2C_SlaveReceive                       0x00002c30   Section        0  i2c_mk64f.o(i.I2C_SlaveReceive)
    I2C_SlaveReceive                         0x00002c31   Thumb Code    80  i2c_mk64f.o(i.I2C_SlaveReceive)
    i.I2C_SlaveTransmit                      0x00002c80   Section        0  i2c_mk64f.o(i.I2C_SlaveTransmit)
    I2C_SlaveTransmit                        0x00002c81   Thumb Code    80  i2c_mk64f.o(i.I2C_SlaveTransmit)
    i.I2C_Uninitialize                       0x00002cd0   Section        0  i2c_mk64f.o(i.I2C_Uninitialize)
    I2C_Uninitialize                         0x00002cd1   Thumb Code    10  i2c_mk64f.o(i.I2C_Uninitialize)
    i.I2Cx_DMA_Callback                      0x00002cdc   Section        0  i2c_mk64f.o(i.I2Cx_DMA_Callback)
    I2Cx_DMA_Callback                        0x00002cdd   Thumb Code    90  i2c_mk64f.o(i.I2Cx_DMA_Callback)
    i.I2Cx_IRQHandler                        0x00002d3c   Section        0  i2c_mk64f.o(i.I2Cx_IRQHandler)
    I2Cx_IRQHandler                          0x00002d3d   Thumb Code  1170  i2c_mk64f.o(i.I2Cx_IRQHandler)
    i.Initialize                             0x000031d0   Section        0  fxos8700.o(i.Initialize)
    i.OSC_HAL_SetCapacitor                   0x00003264   Section        0  fsl_osc_hal.o(i.OSC_HAL_SetCapacitor)
    i.OSC_HAL_SetExternalRefClkCmd           0x00003270   Section        0  fsl_clock_manager.o(i.OSC_HAL_SetExternalRefClkCmd)
    OSC_HAL_SetExternalRefClkCmd             0x00003271   Thumb Code    10  fsl_clock_manager.o(i.OSC_HAL_SetExternalRefClkCmd)
    i.OSC_HAL_SetExternalRefClkInStopModeCmd 0x0000327a   Section        0  fsl_clock_manager.o(i.OSC_HAL_SetExternalRefClkInStopModeCmd)
    OSC_HAL_SetExternalRefClkInStopModeCmd   0x0000327b   Thumb Code    10  fsl_clock_manager.o(i.OSC_HAL_SetExternalRefClkInStopModeCmd)
    i.PIT0_IRQHandler                        0x00003284   Section        0  headsup.o(i.PIT0_IRQHandler)
    i.PIT1_IRQHandler                        0x000032d8   Section        0  headsup.o(i.PIT1_IRQHandler)
    i.PORTA_IRQHandler                       0x000033d8   Section        0  headsup.o(i.PORTA_IRQHandler)
    i.PORT_HAL_SetMuxMode                    0x000033f8   Section        0  i2c_mk64f.o(i.PORT_HAL_SetMuxMode)
    PORT_HAL_SetMuxMode                      0x000033f9   Thumb Code    48  i2c_mk64f.o(i.PORT_HAL_SetMuxMode)
    i.PORT_HAL_SetMuxMode                    0x0000343c   Section        0  pin_mux.o(i.PORT_HAL_SetMuxMode)
    PORT_HAL_SetMuxMode                      0x0000343d   Thumb Code    48  pin_mux.o(i.PORT_HAL_SetMuxMode)
    i.PORT_HAL_SetOpenDrainCmd               0x00003480   Section        0  i2c_mk64f.o(i.PORT_HAL_SetOpenDrainCmd)
    PORT_HAL_SetOpenDrainCmd                 0x00003481   Thumb Code    38  i2c_mk64f.o(i.PORT_HAL_SetOpenDrainCmd)
    i.PTx_Base                               0x000034b8   Section        0  i2c_mk64f.o(i.PTx_Base)
    PTx_Base                                 0x000034b9   Thumb Code    72  i2c_mk64f.o(i.PTx_Base)
    i.RTC_HAL_SetOscillatorCmd               0x00003510   Section        0  fsl_clock_manager.o(i.RTC_HAL_SetOscillatorCmd)
    RTC_HAL_SetOscillatorCmd                 0x00003511   Thumb Code    14  fsl_clock_manager.o(i.RTC_HAL_SetOscillatorCmd)
    i.Register_Read                          0x00003520   Section        0  fxos8700.o(i.Register_Read)
    Register_Read                            0x00003521   Thumb Code   108  fxos8700.o(i.Register_Read)
    i.Register_Write                         0x00003590   Section        0  fxos8700.o(i.Register_Write)
    Register_Write                           0x00003591   Thumb Code    66  fxos8700.o(i.Register_Write)
    i.SIM_HAL_EnableClock                    0x000035d8   Section        0  fsl_clock_mk64f12.o(i.SIM_HAL_EnableClock)
    SIM_HAL_EnableClock                      0x000035d9   Thumb Code    34  fsl_clock_mk64f12.o(i.SIM_HAL_EnableClock)
    i.SystemCoreClockUpdate                  0x000035fc   Section        0  system_mk64f12.o(i.SystemCoreClockUpdate)
    i.SystemInit                             0x000037c0   Section        0  system_mk64f12.o(i.SystemInit)
    i.UART_HAL_Getchar                       0x000037ec   Section        0  fsl_uart_hal.o(i.UART_HAL_Getchar)
    i.UART_HAL_Putchar                       0x000037f8   Section        0  fsl_uart_hal.o(i.UART_HAL_Putchar)
    i.UART_HAL_ReceiveDataPolling            0x00003802   Section        0  fsl_uart_hal.o(i.UART_HAL_ReceiveDataPolling)
    i.UART_HAL_SendDataPolling               0x00003858   Section        0  fsl_uart_hal.o(i.UART_HAL_SendDataPolling)
    i.UART_HAL_SetBaudRate                   0x00003886   Section        0  fsl_uart_hal.o(i.UART_HAL_SetBaudRate)
    i.UART_HAL_SetParityMode                 0x000038ca   Section        0  fsl_uart_hal.o(i.UART_HAL_SetParityMode)
    i.__NVIC_EnableIRQ                       0x000038e6   Section        0  headsup.o(i.__NVIC_EnableIRQ)
    __NVIC_EnableIRQ                         0x000038e7   Thumb Code    26  headsup.o(i.__NVIC_EnableIRQ)
    i.__NVIC_SetPriority                     0x00003900   Section        0  headsup.o(i.__NVIC_SetPriority)
    __NVIC_SetPriority                       0x00003901   Thumb Code    32  headsup.o(i.__NVIC_SetPriority)
    i._doprint                               0x00003928   Section        0  print_scan.o(i._doprint)
    i.configure_uart_pins                    0x00003e8c   Section        0  pin_mux.o(i.configure_uart_pins)
    i.dbg_uart_init                          0x00003ed4   Section        0  board.o(i.dbg_uart_init)
    i.debug_printf                           0x00003eec   Section        0  fsl_debug_console.o(i.debug_printf)
    i.debug_putc                             0x00003f28   Section        0  fsl_debug_console.o(i.debug_putc)
    debug_putc                               0x00003f29   Thumb Code    38  fsl_debug_console.o(i.debug_putc)
    i.fput_pad                               0x00003f54   Section        0  print_scan.o(i.fput_pad)
    fput_pad                                 0x00003f55   Thumb Code    48  print_scan.o(i.fput_pad)
    i.game_over                              0x00003f84   Section        0  headsup.o(i.game_over)
    i.hardware_init                          0x00003ff0   Section        0  hardware_init.o(i.hardware_init)
    i.init_data_bss                          0x00004010   Section        0  startup.o(i.init_data_bss)
    i.main                                   0x00004058   Section        0  headsup.o(i.main)
    i.mknumstr                               0x00004b60   Section        0  print_scan.o(i.mknumstr)
    mknumstr                                 0x00004b61   Thumb Code   166  print_scan.o(i.mknumstr)
    i.print_next                             0x00004c08   Section        0  headsup.o(i.print_next)
    i.shuffle                                0x00004c4c   Section        0  headsup.o(i.shuffle)
    i.timer_setup                            0x00004c80   Section        0  headsup.o(i.timer_setup)
    x$fpl$fpinit                             0x00004ce4   Section       10  fpinit.o(x$fpl$fpinit)
    $v0                                      0x00004ce4   Number         0  fpinit.o(x$fpl$fpinit)
    .constdata                               0x00004cf0   Section      272  i2c_mk64f.o(.constdata)
    DriverVersion                            0x00004cf0   Data           4  i2c_mk64f.o(.constdata)
    DriverCapabilities                       0x00004cf4   Data           4  i2c_mk64f.o(.constdata)
    I2C0_Resources                           0x00004cf8   Data          40  i2c_mk64f.o(.constdata)
    I2C1_Resources                           0x00004d20   Data          40  i2c_mk64f.o(.constdata)
    I2C2_Resources                           0x00004d48   Data          40  i2c_mk64f.o(.constdata)
    .constdata                               0x00004e00   Section       72  board.o(.constdata)
    .constdata                               0x00004e48   Section       25  fsl_edma_common.o(.constdata)
    .constdata                               0x00004e64   Section        6  fsl_rtc_common.o(.constdata)
    .constdata                               0x00004e6a   Section      200  fsl_i2c_hal.o(.constdata)
    .constdata                               0x00004f32   Section       48  fsl_mcg_hal.o(.constdata)
    fllFactorTable                           0x00004f32   Data          16  fsl_mcg_hal.o(.constdata)
    freq_kHz                                 0x00004f42   Data          16  fsl_mcg_hal.o(.constdata)
    freqLow_kHz                              0x00004f52   Data          16  fsl_mcg_hal.o(.constdata)
    .constdata                               0x00004f62   Section       25  fsl_clock_mk64f12.o(.constdata)
    portGateTable                            0x00004f62   Data           5  fsl_clock_mk64f12.o(.constdata)
    adcGateTable                             0x00004f67   Data           2  fsl_clock_mk64f12.o(.constdata)
    dacGateTable                             0x00004f69   Data           2  fsl_clock_mk64f12.o(.constdata)
    ftmGateTable                             0x00004f6b   Data           4  fsl_clock_mk64f12.o(.constdata)
    spiGateTable                             0x00004f6f   Data           3  fsl_clock_mk64f12.o(.constdata)
    i2cGateTable                             0x00004f72   Data           3  fsl_clock_mk64f12.o(.constdata)
    uartGateTable                            0x00004f75   Data           6  fsl_clock_mk64f12.o(.constdata)
    .constdata                               0x00004f7c   Section       12  fsl_clock_manager_common.o(.constdata)
    .constdata                               0x00004f88   Section       24  fsl_debug_console.o(.constdata)
    .conststring                             0x00004fa0   Section      128  headsup.o(.conststring)
    .conststring                             0x00005020   Section      239  i2c_mk64f.o(.conststring)
    .conststring                             0x00005110   Section       81  fsl_edma_driver.o(.conststring)
    .conststring                             0x00005164   Section       84  fsl_edma_hal.o(.conststring)
    .conststring                             0x000051b8   Section       84  fsl_gpio_hal.o(.conststring)
    .conststring                             0x0000520c   Section       82  fsl_i2c_hal.o(.conststring)
    .conststring                             0x00005260   Section      101  fsl_clock_mk64f12.o(.conststring)
    .conststring                             0x000052c8   Section       93  fsl_clock_manager.o(.conststring)
    .data                                    0x20000000   Section       20  headsup.o(.data)
    .data                                    0x20000014   Section        1  fxos8700.o(.data)
    Status                                   0x20000014   Data           1  fxos8700.o(.data)
    .data                                    0x20000018   Section        4  fsl_edma_driver.o(.data)
    .data                                    0x2000001c   Section       16  fsl_mcg_hal.o(.data)
    .data                                    0x2000002c   Section        4  system_mk64f12.o(.data)
    .bss                                     0x20000030   Section      492  headsup.o(.bss)
    .bss                                     0x2000021c   Section       96  i2c_mk64f.o(.bss)
    I2C0_Ctrl                                0x2000021c   Data          32  i2c_mk64f.o(.bss)
    I2C1_Ctrl                                0x2000023c   Data          32  i2c_mk64f.o(.bss)
    I2C2_Ctrl                                0x2000025c   Data          32  i2c_mk64f.o(.bss)
    .bss                                     0x2000027c   Section       16  fsl_debug_console.o(.bss)
    s_debugConsole                           0x2000027c   Data          16  fsl_debug_console.o(.bss)
    .bss                                     0x2000028c   Section      228  rand.o(.bss)

    Global Symbols

    Symbol Name                              Value     Ov Type        Size  Object(Section)

    BuildAttributes$$THM_ISAv4$E$P$D$K$B$S$7EM$VFPi3$EXTD16$VFPS$VFMA$PE$A:L22UL41UL21$X:L11$S22US41US21$IEEE1$IW$USESV6$~STKCKD$USESV7$~SHL$OTIME$ROPI$EBA8$UX$STANDARDLIB$REQ8$PRES8$EABIv2 0x00000000   Number         0  anon$$obj.o ABSOLUTE
    Image$$VECTOR_RAM$$Base                  0x00000000   Number         0  anon$$obj.o ABSOLUTE
    Image$$VECTOR_ROM$$Base                  0x00000000   Number         0  anon$$obj.o ABSOLUTE
    __ARM_use_no_argv                        0x00000000   Number         0  headsup.o ABSOLUTE
    __Vectors                                0x00000000   Data           4  startup_mk64f12.o(RESET)
    Image$$ZI$$Limit                          - Undefined Weak Reference
    __ARM_exceptions_init                     - Undefined Weak Reference
    __alloca_initialize                       - Undefined Weak Reference
    __arm_preinit_                            - Undefined Weak Reference
    __cpp_initialize__aeabi_                  - Undefined Weak Reference
    __cxa_finalize                            - Undefined Weak Reference
    __rt_locale                               - Undefined Weak Reference
    __sigvec_lookup                           - Undefined Weak Reference
    __user_heap_extent                        - Undefined Weak Reference
    _atexit_init                              - Undefined Weak Reference
    _call_atexit_fns                          - Undefined Weak Reference
    _clock_init                               - Undefined Weak Reference
    _fp_trap_init                             - Undefined Weak Reference
    _fp_trap_shutdown                         - Undefined Weak Reference
    _get_lc_collate                           - Undefined Weak Reference
    _get_lc_ctype                             - Undefined Weak Reference
    _get_lc_monetary                          - Undefined Weak Reference
    _get_lc_numeric                           - Undefined Weak Reference
    _get_lc_time                              - Undefined Weak Reference
    _getenv_init                              - Undefined Weak Reference
    _handle_redirection                       - Undefined Weak Reference
    _initio                                   - Undefined Weak Reference
    _mutex_acquire                            - Undefined Weak Reference
    _mutex_free                               - Undefined Weak Reference
    _mutex_release                            - Undefined Weak Reference
    _signal_finish                            - Undefined Weak Reference
    _signal_init                              - Undefined Weak Reference
    _terminateio                              - Undefined Weak Reference
    __Vectors_End                            0x00000400   Data           0  startup_mk64f12.o(RESET)
    __Vectors_Size                           0x00000400   Number         0  startup_mk64f12.o ABSOLUTE
    __main                                   0x00000411   Thumb Code     8  __main.o(!!!main)
    __scatterload                            0x00000419   Thumb Code     0  __scatter.o(!!!scatter)
    __scatterload_rt2                        0x00000419   Thumb Code    44  __scatter.o(!!!scatter)
    __scatterload_rt2_thumb_only             0x00000419   Thumb Code     0  __scatter.o(!!!scatter)
    __scatterload_null                       0x00000427   Thumb Code     0  __scatter.o(!!!scatter)
    __scatterload_copy                       0x0000044d   Thumb Code    26  __scatter_copy.o(!!handler_copy)
    __scatterload_zeroinit                   0x00000469   Thumb Code    28  __scatter_zi.o(!!handler_zi)
    __rt_lib_init                            0x00000485   Thumb Code     0  libinit.o(.ARM.Collect$$libinit$$00000000)
    __rt_lib_init_fp_1                       0x00000487   Thumb Code     0  libinit2.o(.ARM.Collect$$libinit$$00000001)
    __rt_lib_init_heap_1                     0x0000048b   Thumb Code     0  libinit2.o(.ARM.Collect$$libinit$$0000000A)
    __rt_lib_init_preinit_1                  0x0000048b   Thumb Code     0  libinit2.o(.ARM.Collect$$libinit$$00000004)
    __rt_lib_init_rand_2                     0x0000048b   Thumb Code     0  libinit2.o(.ARM.Collect$$libinit$$0000000D)
    __rt_lib_init_user_alloc_1               0x0000048b   Thumb Code     0  libinit2.o(.ARM.Collect$$libinit$$0000000C)
    __rt_lib_init_alloca_1                   0x0000048f   Thumb Code     0  libinit2.o(.ARM.Collect$$libinit$$0000002E)
    __rt_lib_init_argv_1                     0x0000048f   Thumb Code     0  libinit2.o(.ARM.Collect$$libinit$$0000002C)
    __rt_lib_init_atexit_1                   0x0000048f   Thumb Code     0  libinit2.o(.ARM.Collect$$libinit$$0000001B)
    __rt_lib_init_clock_1                    0x0000048f   Thumb Code     0  libinit2.o(.ARM.Collect$$libinit$$00000021)
    __rt_lib_init_cpp_1                      0x0000048f   Thumb Code     0  libinit2.o(.ARM.Collect$$libinit$$00000032)
    __rt_lib_init_exceptions_1               0x0000048f   Thumb Code     0  libinit2.o(.ARM.Collect$$libinit$$00000030)
    __rt_lib_init_fp_trap_1                  0x0000048f   Thumb Code     0  libinit2.o(.ARM.Collect$$libinit$$0000001F)
    __rt_lib_init_getenv_1                   0x0000048f   Thumb Code     0  libinit2.o(.ARM.Collect$$libinit$$00000023)
    __rt_lib_init_lc_collate_1               0x0000048f   Thumb Code     0  libinit2.o(.ARM.Collect$$libinit$$00000011)
    __rt_lib_init_lc_ctype_1                 0x0000048f   Thumb Code     0  libinit2.o(.ARM.Collect$$libinit$$00000013)
    __rt_lib_init_lc_monetary_1              0x0000048f   Thumb Code     0  libinit2.o(.ARM.Collect$$libinit$$00000015)
    __rt_lib_init_lc_numeric_1               0x0000048f   Thumb Code     0  libinit2.o(.ARM.Collect$$libinit$$00000017)
    __rt_lib_init_lc_time_1                  0x0000048f   Thumb Code     0  libinit2.o(.ARM.Collect$$libinit$$00000019)
    __rt_lib_init_rand_1                     0x0000048f   Thumb Code     0  libinit2.o(.ARM.Collect$$libinit$$0000000E)
    __rt_lib_init_return                     0x0000048f   Thumb Code     0  libinit2.o(.ARM.Collect$$libinit$$00000033)
    __rt_lib_init_signal_1                   0x0000048f   Thumb Code     0  libinit2.o(.ARM.Collect$$libinit$$0000001D)
    __rt_lib_init_stdio_1                    0x0000048f   Thumb Code     0  libinit2.o(.ARM.Collect$$libinit$$00000025)
    __rt_lib_shutdown                        0x00000491   Thumb Code     0  libshutdown.o(.ARM.Collect$$libshutdown$$00000000)
    __rt_lib_shutdown_cpp_1                  0x00000493   Thumb Code     0  libshutdown2.o(.ARM.Collect$$libshutdown$$00000002)
    __rt_lib_shutdown_fp_trap_1              0x00000493   Thumb Code     0  libshutdown2.o(.ARM.Collect$$libshutdown$$00000007)
    __rt_lib_shutdown_heap_1                 0x00000493   Thumb Code     0  libshutdown2.o(.ARM.Collect$$libshutdown$$0000000F)
    __rt_lib_shutdown_return                 0x00000493   Thumb Code     0  libshutdown2.o(.ARM.Collect$$libshutdown$$00000010)
    __rt_lib_shutdown_signal_1               0x00000493   Thumb Code     0  libshutdown2.o(.ARM.Collect$$libshutdown$$0000000A)
    __rt_lib_shutdown_stdio_1                0x00000493   Thumb Code     0  libshutdown2.o(.ARM.Collect$$libshutdown$$00000004)
    __rt_lib_shutdown_user_alloc_1           0x00000493   Thumb Code     0  libshutdown2.o(.ARM.Collect$$libshutdown$$0000000C)
    __rt_entry                               0x00000495   Thumb Code     0  __rtentry.o(.ARM.Collect$$rtentry$$00000000)
    __rt_entry_presh_1                       0x00000495   Thumb Code     0  __rtentry2.o(.ARM.Collect$$rtentry$$00000002)
    __rt_entry_sh                            0x00000495   Thumb Code     0  __rtentry7.o(.ARM.Collect$$rtentry$$00000007)
    __rt_entry_li                            0x00000499   Thumb Code     0  __rtentry2.o(.ARM.Collect$$rtentry$$0000000A)
    __rt_entry_postsh_1                      0x00000499   Thumb Code     0  __rtentry2.o(.ARM.Collect$$rtentry$$00000009)
    __rt_entry_main                          0x0000049d   Thumb Code     0  __rtentry2.o(.ARM.Collect$$rtentry$$0000000D)
    __rt_entry_postli_1                      0x0000049d   Thumb Code     0  __rtentry2.o(.ARM.Collect$$rtentry$$0000000C)
    __rt_exit                                0x000004a9   Thumb Code     0  rtexit.o(.ARM.Collect$$rtexit$$00000000)
    __rt_exit_ls                             0x000004ab   Thumb Code     0  rtexit2.o(.ARM.Collect$$rtexit$$00000003)
    __rt_exit_prels_1                        0x000004ab   Thumb Code     0  rtexit2.o(.ARM.Collect$$rtexit$$00000002)
    __rt_exit_exit                           0x000004af   Thumb Code     0  rtexit2.o(.ARM.Collect$$rtexit$$00000004)
    rand                                     0x000004b5   Thumb Code    48  rand.o(.emb_text)
    Reset_Handler                            0x000004e9   Thumb Code    18  startup_mk64f12.o(.text)
    NMI_Handler                              0x000004fb   Thumb Code     2  startup_mk64f12.o(.text)
    HardFault_Handler                        0x000004fd   Thumb Code     2  startup_mk64f12.o(.text)
    MemManage_Handler                        0x000004ff   Thumb Code     2  startup_mk64f12.o(.text)
    BusFault_Handler                         0x00000501   Thumb Code     2  startup_mk64f12.o(.text)
    UsageFault_Handler                       0x00000503   Thumb Code     2  startup_mk64f12.o(.text)
    SVC_Handler                              0x00000505   Thumb Code     2  startup_mk64f12.o(.text)
    DebugMon_Handler                         0x00000507   Thumb Code     2  startup_mk64f12.o(.text)
    PendSV_Handler                           0x00000509   Thumb Code     2  startup_mk64f12.o(.text)
    SysTick_Handler                          0x0000050b   Thumb Code     2  startup_mk64f12.o(.text)
    ADC0_IRQHandler                          0x0000050d   Thumb Code     0  startup_mk64f12.o(.text)
    ADC1_IRQHandler                          0x0000050d   Thumb Code     0  startup_mk64f12.o(.text)
    CAN0_Bus_Off_IRQHandler                  0x0000050d   Thumb Code     0  startup_mk64f12.o(.text)
    CAN0_Error_IRQHandler                    0x0000050d   Thumb Code     0  startup_mk64f12.o(.text)
    CAN0_ORed_Message_buffer_IRQHandler      0x0000050d   Thumb Code     0  startup_mk64f12.o(.text)
    CAN0_Rx_Warning_IRQHandler               0x0000050d   Thumb Code     0  startup_mk64f12.o(.text)
    CAN0_Tx_Warning_IRQHandler               0x0000050d   Thumb Code     0  startup_mk64f12.o(.text)
    CAN0_Wake_Up_IRQHandler                  0x0000050d   Thumb Code     0  startup_mk64f12.o(.text)
    CMP0_IRQHandler                          0x0000050d   Thumb Code     0  startup_mk64f12.o(.text)
    CMP1_IRQHandler                          0x0000050d   Thumb Code     0  startup_mk64f12.o(.text)
    CMP2_IRQHandler                          0x0000050d   Thumb Code     0  startup_mk64f12.o(.text)
    CMT_IRQHandler                           0x0000050d   Thumb Code     0  startup_mk64f12.o(.text)
    DAC0_IRQHandler                          0x0000050d   Thumb Code     0  startup_mk64f12.o(.text)
    DAC1_IRQHandler                          0x0000050d   Thumb Code     0  startup_mk64f12.o(.text)
    DMA_Error_IRQHandler                     0x0000050d   Thumb Code     0  startup_mk64f12.o(.text)
    DefaultISR                               0x0000050d   Thumb Code     0  startup_mk64f12.o(.text)
    ENET_1588_Timer_IRQHandler               0x0000050d   Thumb Code     0  startup_mk64f12.o(.text)
    ENET_Error_IRQHandler                    0x0000050d   Thumb Code     0  startup_mk64f12.o(.text)
    ENET_Receive_IRQHandler                  0x0000050d   Thumb Code     0  startup_mk64f12.o(.text)
    ENET_Transmit_IRQHandler                 0x0000050d   Thumb Code     0  startup_mk64f12.o(.text)
    FTFE_IRQHandler                          0x0000050d   Thumb Code     0  startup_mk64f12.o(.text)
    FTM0_IRQHandler                          0x0000050d   Thumb Code     0  startup_mk64f12.o(.text)
    FTM1_IRQHandler                          0x0000050d   Thumb Code     0  startup_mk64f12.o(.text)
    FTM2_IRQHandler                          0x0000050d   Thumb Code     0  startup_mk64f12.o(.text)
    FTM3_IRQHandler                          0x0000050d   Thumb Code     0  startup_mk64f12.o(.text)
    I2S0_Rx_IRQHandler                       0x0000050d   Thumb Code     0  startup_mk64f12.o(.text)
    I2S0_Tx_IRQHandler                       0x0000050d   Thumb Code     0  startup_mk64f12.o(.text)
    LLWU_IRQHandler                          0x0000050d   Thumb Code     0  startup_mk64f12.o(.text)
    LPTMR0_IRQHandler                        0x0000050d   Thumb Code     0  startup_mk64f12.o(.text)
    LVD_LVW_IRQHandler                       0x0000050d   Thumb Code     0  startup_mk64f12.o(.text)
    MCG_IRQHandler                           0x0000050d   Thumb Code     0  startup_mk64f12.o(.text)
    MCM_IRQHandler                           0x0000050d   Thumb Code     0  startup_mk64f12.o(.text)
    PDB0_IRQHandler                          0x0000050d   Thumb Code     0  startup_mk64f12.o(.text)
    PIT2_IRQHandler                          0x0000050d   Thumb Code     0  startup_mk64f12.o(.text)
    PIT3_IRQHandler                          0x0000050d   Thumb Code     0  startup_mk64f12.o(.text)
    PORTB_IRQHandler                         0x0000050d   Thumb Code     0  startup_mk64f12.o(.text)
    PORTC_IRQHandler                         0x0000050d   Thumb Code     0  startup_mk64f12.o(.text)
    PORTD_IRQHandler                         0x0000050d   Thumb Code     0  startup_mk64f12.o(.text)
    PORTE_IRQHandler                         0x0000050d   Thumb Code     0  startup_mk64f12.o(.text)
    RNG_IRQHandler                           0x0000050d   Thumb Code     0  startup_mk64f12.o(.text)
    RTC_IRQHandler                           0x0000050d   Thumb Code     0  startup_mk64f12.o(.text)
    RTC_Seconds_IRQHandler                   0x0000050d   Thumb Code     0  startup_mk64f12.o(.text)
    Read_Collision_IRQHandler                0x0000050d   Thumb Code     0  startup_mk64f12.o(.text)
    Reserved71_IRQHandler                    0x0000050d   Thumb Code     0  startup_mk64f12.o(.text)
    SDHC_IRQHandler                          0x0000050d   Thumb Code     0  startup_mk64f12.o(.text)
    SPI0_IRQHandler                          0x0000050d   Thumb Code     0  startup_mk64f12.o(.text)
    SPI1_IRQHandler                          0x0000050d   Thumb Code     0  startup_mk64f12.o(.text)
    SPI2_IRQHandler                          0x0000050d   Thumb Code     0  startup_mk64f12.o(.text)
    SWI_IRQHandler                           0x0000050d   Thumb Code     0  startup_mk64f12.o(.text)
    UART0_ERR_IRQHandler                     0x0000050d   Thumb Code     0  startup_mk64f12.o(.text)
    UART0_LON_IRQHandler                     0x0000050d   Thumb Code     0  startup_mk64f12.o(.text)
    UART0_RX_TX_IRQHandler                   0x0000050d   Thumb Code     0  startup_mk64f12.o(.text)
    UART1_ERR_IRQHandler                     0x0000050d   Thumb Code     0  startup_mk64f12.o(.text)
    UART1_RX_TX_IRQHandler                   0x0000050d   Thumb Code     0  startup_mk64f12.o(.text)
    UART2_ERR_IRQHandler                     0x0000050d   Thumb Code     0  startup_mk64f12.o(.text)
    UART2_RX_TX_IRQHandler                   0x0000050d   Thumb Code     0  startup_mk64f12.o(.text)
    UART3_ERR_IRQHandler                     0x0000050d   Thumb Code     0  startup_mk64f12.o(.text)
    UART3_RX_TX_IRQHandler                   0x0000050d   Thumb Code     0  startup_mk64f12.o(.text)
    UART4_ERR_IRQHandler                     0x0000050d   Thumb Code     0  startup_mk64f12.o(.text)
    UART4_RX_TX_IRQHandler                   0x0000050d   Thumb Code     0  startup_mk64f12.o(.text)
    UART5_ERR_IRQHandler                     0x0000050d   Thumb Code     0  startup_mk64f12.o(.text)
    UART5_RX_TX_IRQHandler                   0x0000050d   Thumb Code     0  startup_mk64f12.o(.text)
    USB0_IRQHandler                          0x0000050d   Thumb Code     0  startup_mk64f12.o(.text)
    USBDCD_IRQHandler                        0x0000050d   Thumb Code     0  startup_mk64f12.o(.text)
    WDOG_EWM_IRQHandler                      0x0000050d   Thumb Code     0  startup_mk64f12.o(.text)
    srand                                    0x00000521   Thumb Code    42  rand.o(.text)
    _rand_init                               0x0000054b   Thumb Code     4  rand.o(.text)
    __aeabi_assert                           0x0000055d   Thumb Code    86  assert.o(.text)
    __assert                                 0x0000055d   Thumb Code     0  assert.o(.text)
    strlen                                   0x000005dd   Thumb Code    62  strlen.o(.text)
    __aeabi_memcpy4                          0x0000061b   Thumb Code     0  rt_memcpy_w.o(.text)
    __aeabi_memcpy8                          0x0000061b   Thumb Code     0  rt_memcpy_w.o(.text)
    __rt_memcpy_w                            0x0000061b   Thumb Code   100  rt_memcpy_w.o(.text)
    _memcpy_lastbytes_aligned                0x00000663   Thumb Code     0  rt_memcpy_w.o(.text)
    __aeabi_memclr4                          0x0000067f   Thumb Code     0  rt_memclr_w.o(.text)
    __aeabi_memclr8                          0x0000067f   Thumb Code     0  rt_memclr_w.o(.text)
    __rt_memclr_w                            0x0000067f   Thumb Code    78  rt_memclr_w.o(.text)
    _memset_w                                0x00000683   Thumb Code     0  rt_memclr_w.o(.text)
    abort                                    0x000006cd   Thumb Code    22  abort.o(.text)
    __assert_puts                            0x000006e3   Thumb Code    20  assert_puts.o(.text)
    _ttywrch                                 0x000006f7   Thumb Code    14  sys_wrch.o(.text)
    _sys_exit                                0x00000705   Thumb Code     8  sys_exit.o(.text)
    __rt_SIGABRT                             0x00000711   Thumb Code    14  defsig_abrt_outer.o(.text)
    __I$use$semihosting                      0x0000071f   Thumb Code     0  use_no_semi.o(.text)
    __use_no_semihosting_swi                 0x0000071f   Thumb Code     2  use_no_semi.o(.text)
    __semihosting_library_function           0x00000721   Thumb Code     0  indicate_semi.o(.text)
    exit                                     0x00000721   Thumb Code    18  exit.o(.text)
    __sig_exit                               0x00000733   Thumb Code    10  defsig_exit.o(.text)
    __rt_SIGABRT_inner                       0x0000073d   Thumb Code    14  defsig_abrt_inner.o(.text)
    __default_signal_display                 0x0000076d   Thumb Code    50  defsig_general.o(.text)
    Accelerometer_GetState                   0x000007a1   Thumb Code   216  fxos8700.o(i.Accelerometer_GetState)
    Accelerometer_Initialize                 0x00000881   Thumb Code    32  fxos8700.o(i.Accelerometer_Initialize)
    BOARD_ClockInit                          0x000008a5   Thumb Code    72  board.o(i.BOARD_ClockInit)
    BOARD_InitOsc0                           0x0000090d   Thumb Code    20  board.o(i.BOARD_InitOsc0)
    BOARD_InitRtcOsc                         0x00000925   Thumb Code    20  board.o(i.BOARD_InitRtcOsc)
    CLOCK_HAL_EnablePll0InFllMode            0x0000093d   Thumb Code    64  fsl_mcg_hal.o(i.CLOCK_HAL_EnablePll0InFllMode)
    CLOCK_HAL_GetFllClk                      0x00000991   Thumb Code    82  fsl_mcg_hal.o(i.CLOCK_HAL_GetFllClk)
    CLOCK_HAL_GetFllRefClk                   0x000009e5   Thumb Code    72  fsl_mcg_hal.o(i.CLOCK_HAL_GetFllRefClk)
    CLOCK_HAL_GetInternalRefClk              0x00000a41   Thumb Code    52  fsl_mcg_hal.o(i.CLOCK_HAL_GetInternalRefClk)
    CLOCK_HAL_GetMcgMode                     0x00000aab   Thumb Code   150  fsl_mcg_hal_modes.o(i.CLOCK_HAL_GetMcgMode)
    CLOCK_HAL_GetOutClk                      0x00000b41   Thumb Code    78  fsl_mcg_hal.o(i.CLOCK_HAL_GetOutClk)
    CLOCK_HAL_GetPll0Clk                     0x00000b8f   Thumb Code    68  fsl_mcg_hal.o(i.CLOCK_HAL_GetPll0Clk)
    CLOCK_HAL_GetPll0RefFreq                 0x00000bd3   Thumb Code    12  fsl_mcg_hal.o(i.CLOCK_HAL_GetPll0RefFreq)
    CLOCK_HAL_SetFbeMode                     0x00000c3f   Thumb Code   228  fsl_mcg_hal_modes.o(i.CLOCK_HAL_SetFbeMode)
    CLOCK_HAL_SetFbiMode                     0x00000d25   Thumb Code   170  fsl_mcg_hal_modes.o(i.CLOCK_HAL_SetFbiMode)
    CLOCK_HAL_SetOsc0Mode                    0x00000df1   Thumb Code    36  fsl_mcg_hal.o(i.CLOCK_HAL_SetOsc0Mode)
    CLOCK_HAL_SetOutDiv                      0x00000e15   Thumb Code    56  fsl_sim_hal_mk64f12.o(i.CLOCK_HAL_SetOutDiv)
    CLOCK_HAL_SetPbeMode                     0x00000e4d   Thumb Code   228  fsl_mcg_hal_modes.o(i.CLOCK_HAL_SetPbeMode)
    CLOCK_HAL_TestFllExternalRefFreq         0x00000f35   Thumb Code    70  fsl_mcg_hal.o(i.CLOCK_HAL_TestFllExternalRefFreq)
    CLOCK_HAL_TestFllFreq                    0x00000f7d   Thumb Code    50  fsl_mcg_hal.o(i.CLOCK_HAL_TestFllFreq)
    CLOCK_HAL_TestOscFreq                    0x00000fb5   Thumb Code    38  fsl_mcg_hal.o(i.CLOCK_HAL_TestOscFreq)
    CLOCK_HAL_UpdateFastClkInternalRefDiv    0x00000fe9   Thumb Code   104  fsl_mcg_hal.o(i.CLOCK_HAL_UpdateFastClkInternalRefDiv)
    CLOCK_SYS_EnablePortClock                0x00001051   Thumb Code    34  fsl_clock_mk64f12.o(i.CLOCK_SYS_EnablePortClock)
    CLOCK_SYS_EnableUartClock                0x000010bd   Thumb Code    34  fsl_clock_mk64f12.o(i.CLOCK_SYS_EnableUartClock)
    CLOCK_SYS_GetBusClockFreq                0x00001149   Thumb Code    26  fsl_clock_mk64f12.o(i.CLOCK_SYS_GetBusClockFreq)
    CLOCK_SYS_GetCoreClockFreq               0x0000116d   Thumb Code    24  fsl_clock_mk64f12.o(i.CLOCK_SYS_GetCoreClockFreq)
    CLOCK_SYS_GetSystemClockFreq             0x0000118d   Thumb Code    24  fsl_clock_mk64f12.o(i.CLOCK_SYS_GetSystemClockFreq)
    CLOCK_SYS_GetUartFreq                    0x000011ad   Thumb Code    46  fsl_clock_mk64f12.o(i.CLOCK_SYS_GetUartFreq)
    CLOCK_SYS_OscInit                        0x000011dd   Thumb Code   160  fsl_clock_manager.o(i.CLOCK_SYS_OscInit)
    CLOCK_SYS_RtcOscInit                     0x000012ad   Thumb Code   204  fsl_clock_manager.o(i.CLOCK_SYS_RtcOscInit)
    CLOCK_SYS_SetConfiguration               0x000013a9   Thumb Code    72  fsl_clock_mk64f12.o(i.CLOCK_SYS_SetConfiguration)
    CLOCK_SYS_SetMcgMode                     0x00001411   Thumb Code   340  fsl_clock_manager.o(i.CLOCK_SYS_SetMcgMode)
    CLOCK_SYS_SetOscerConfigration           0x000015b1   Thumb Code    32  fsl_clock_manager.o(i.CLOCK_SYS_SetOscerConfigration)
    DMA0_IRQHandler                          0x00001615   Thumb Code    10  fsl_edma_irq.o(i.DMA0_IRQHandler)
    DMA10_IRQHandler                         0x0000161f   Thumb Code    10  fsl_edma_irq.o(i.DMA10_IRQHandler)
    DMA11_IRQHandler                         0x00001629   Thumb Code    10  fsl_edma_irq.o(i.DMA11_IRQHandler)
    DMA12_IRQHandler                         0x00001633   Thumb Code    10  fsl_edma_irq.o(i.DMA12_IRQHandler)
    DMA13_IRQHandler                         0x0000163d   Thumb Code    10  fsl_edma_irq.o(i.DMA13_IRQHandler)
    DMA14_IRQHandler                         0x00001647   Thumb Code    10  fsl_edma_irq.o(i.DMA14_IRQHandler)
    DMA15_IRQHandler                         0x00001651   Thumb Code    10  fsl_edma_irq.o(i.DMA15_IRQHandler)
    DMA1_IRQHandler                          0x0000165b   Thumb Code    10  fsl_edma_irq.o(i.DMA1_IRQHandler)
    DMA2_IRQHandler                          0x00001665   Thumb Code    10  fsl_edma_irq.o(i.DMA2_IRQHandler)
    DMA3_IRQHandler                          0x0000166f   Thumb Code    10  fsl_edma_irq.o(i.DMA3_IRQHandler)
    DMA4_IRQHandler                          0x00001679   Thumb Code    10  fsl_edma_irq.o(i.DMA4_IRQHandler)
    DMA5_IRQHandler                          0x00001683   Thumb Code    10  fsl_edma_irq.o(i.DMA5_IRQHandler)
    DMA6_IRQHandler                          0x0000168d   Thumb Code    10  fsl_edma_irq.o(i.DMA6_IRQHandler)
    DMA7_IRQHandler                          0x00001697   Thumb Code    10  fsl_edma_irq.o(i.DMA7_IRQHandler)
    DMA8_IRQHandler                          0x000016a1   Thumb Code    10  fsl_edma_irq.o(i.DMA8_IRQHandler)
    DMA9_IRQHandler                          0x000016ab   Thumb Code    10  fsl_edma_irq.o(i.DMA9_IRQHandler)
    DbgConsole_Init                          0x00001709   Thumb Code   172  fsl_debug_console.o(i.DbgConsole_Init)
    EDMA_DRV_IRQHandler                      0x000018ed   Thumb Code    38  fsl_edma_driver.o(i.EDMA_DRV_IRQHandler)
    EDMA_DRV_InstallCallback                 0x00001919   Thumb Code    10  fsl_edma_driver.o(i.EDMA_DRV_InstallCallback)
    EDMA_DRV_PushDescriptorToReg             0x0000195d   Thumb Code    46  fsl_edma_driver.o(i.EDMA_DRV_PushDescriptorToReg)
    EDMA_DRV_RequestChannel                  0x00001991   Thumb Code   160  fsl_edma_driver.o(i.EDMA_DRV_RequestChannel)
    EDMA_DRV_StartChannel                    0x00001a35   Thumb Code    36  fsl_edma_driver.o(i.EDMA_DRV_StartChannel)
    EDMA_HAL_HTCDClearReg                    0x00001a5d   Thumb Code   114  fsl_edma_hal.o(i.EDMA_HAL_HTCDClearReg)
    EDMA_HAL_PushSTCDToHTCD                  0x00001ad1   Thumb Code   176  fsl_edma_hal.o(i.EDMA_HAL_PushSTCDToHTCD)
    EDMA_HAL_STCDSetAttribute                0x00001bb9   Thumb Code    70  fsl_edma_hal.o(i.EDMA_HAL_STCDSetAttribute)
    EDMA_HAL_STCDSetBasicTransfer            0x00001c39   Thumb Code   308  fsl_edma_hal.o(i.EDMA_HAL_STCDSetBasicTransfer)
    EDMA_HAL_STCDSetMajorCount               0x00001e1d   Thumb Code    66  fsl_edma_hal.o(i.EDMA_HAL_STCDSetMajorCount)
    EDMA_HAL_STCDSetNbytes                   0x00001e6d   Thumb Code    66  fsl_edma_hal.o(i.EDMA_HAL_STCDSetNbytes)
    EDMA_HAL_STCDSetScatterGatherLink        0x00001eed   Thumb Code    80  fsl_edma_hal.o(i.EDMA_HAL_STCDSetScatterGatherLink)
    EDMA_HAL_SetDmaRequestCmd                0x00001f61   Thumb Code    10  fsl_edma_hal.o(i.EDMA_HAL_SetDmaRequestCmd)
    EDMA_HAL_SetErrorIntCmd                  0x00001f6b   Thumb Code    10  fsl_edma_hal.o(i.EDMA_HAL_SetErrorIntCmd)
    GPIO_HAL_SetPinDir                       0x00001fd9   Thumb Code    52  fsl_gpio_hal.o(i.GPIO_HAL_SetPinDir)
    I2C0_IRQHandler                          0x00002085   Thumb Code    10  i2c_mk64f.o(i.I2C0_IRQHandler)
    I2C1_IRQHandler                          0x00002175   Thumb Code    10  i2c_mk64f.o(i.I2C1_IRQHandler)
    I2C2_IRQHandler                          0x00002265   Thumb Code    10  i2c_mk64f.o(i.I2C2_IRQHandler)
    I2C_HAL_Init                             0x00002567   Thumb Code    30  fsl_i2c_hal.o(i.I2C_HAL_Init)
    I2C_HAL_SendStart                        0x000025bd   Thumb Code    36  fsl_i2c_hal.o(i.I2C_HAL_SendStart)
    I2C_HAL_SendStop                         0x000025e1   Thumb Code    74  fsl_i2c_hal.o(i.I2C_HAL_SendStop)
    I2C_HAL_SetAddress10bit                  0x0000264d   Thumb Code    34  fsl_i2c_hal.o(i.I2C_HAL_SetAddress10bit)
    I2C_HAL_SetAddress7bit                   0x0000266f   Thumb Code    20  fsl_i2c_hal.o(i.I2C_HAL_SetAddress7bit)
    I2C_HAL_SetBaudRate                      0x00002685   Thumb Code   162  fsl_i2c_hal.o(i.I2C_HAL_SetBaudRate)
    Initialize                               0x000031d1   Thumb Code   140  fxos8700.o(i.Initialize)
    OSC_HAL_SetCapacitor                     0x00003265   Thumb Code    12  fsl_osc_hal.o(i.OSC_HAL_SetCapacitor)
    PIT0_IRQHandler                          0x00003285   Thumb Code    60  headsup.o(i.PIT0_IRQHandler)
    PIT1_IRQHandler                          0x000032d9   Thumb Code   180  headsup.o(i.PIT1_IRQHandler)
    PORTA_IRQHandler                         0x000033d9   Thumb Code    18  headsup.o(i.PORTA_IRQHandler)
    SystemCoreClockUpdate                    0x000035fd   Thumb Code   426  system_mk64f12.o(i.SystemCoreClockUpdate)
    SystemInit                               0x000037c1   Thumb Code    34  system_mk64f12.o(i.SystemInit)
    UART_HAL_Getchar                         0x000037ed   Thumb Code    12  fsl_uart_hal.o(i.UART_HAL_Getchar)
    UART_HAL_Putchar                         0x000037f9   Thumb Code    10  fsl_uart_hal.o(i.UART_HAL_Putchar)
    UART_HAL_ReceiveDataPolling              0x00003803   Thumb Code    86  fsl_uart_hal.o(i.UART_HAL_ReceiveDataPolling)
    UART_HAL_SendDataPolling                 0x00003859   Thumb Code    46  fsl_uart_hal.o(i.UART_HAL_SendDataPolling)
    UART_HAL_SetBaudRate                     0x00003887   Thumb Code    68  fsl_uart_hal.o(i.UART_HAL_SetBaudRate)
    UART_HAL_SetParityMode                   0x000038cb   Thumb Code    28  fsl_uart_hal.o(i.UART_HAL_SetParityMode)
    _doprint                                 0x00003929   Thumb Code  1380  print_scan.o(i._doprint)
    configure_uart_pins                      0x00003e8d   Thumb Code    62  pin_mux.o(i.configure_uart_pins)
    dbg_uart_init                            0x00003ed5   Thumb Code    22  board.o(i.dbg_uart_init)
    debug_printf                             0x00003eed   Thumb Code    52  fsl_debug_console.o(i.debug_printf)
    game_over                                0x00003f85   Thumb Code    42  headsup.o(i.game_over)
    hardware_init                            0x00003ff1   Thumb Code    30  hardware_init.o(i.hardware_init)
    init_data_bss                            0x00004011   Thumb Code    54  startup.o(i.init_data_bss)
    main                                     0x00004059   Thumb Code  2788  headsup.o(i.main)
    print_next                               0x00004c09   Thumb Code    52  headsup.o(i.print_next)
    shuffle                                  0x00004c4d   Thumb Code    50  headsup.o(i.shuffle)
    timer_setup                              0x00004c81   Thumb Code    78  headsup.o(i.timer_setup)
    _fp_init                                 0x00004ce5   Thumb Code    10  fpinit.o(x$fpl$fpinit)
    __fplib_config_fpu_vfp                   0x00004ced   Thumb Code     0  fpinit.o(x$fpl$fpinit)
    __fplib_config_pureend_doubles           0x00004ced   Thumb Code     0  fpinit.o(x$fpl$fpinit)
    Driver_I2C0                              0x00004d70   Data          48  i2c_mk64f.o(.constdata)
    Driver_I2C1                              0x00004da0   Data          48  i2c_mk64f.o(.constdata)
    Driver_I2C2                              0x00004dd0   Data          48  i2c_mk64f.o(.constdata)
    g_defaultClockConfigVlpr                 0x00004e00   Data          22  board.o(.constdata)
    g_defaultClockConfigRun                  0x00004e16   Data          22  board.o(.constdata)
    g_edmaBase                               0x00004e48   Data           4  fsl_edma_common.o(.constdata)
    g_dmamuxBase                             0x00004e4c   Data           4  fsl_edma_common.o(.constdata)
    g_edmaIrqId                              0x00004e50   Data          16  fsl_edma_common.o(.constdata)
    g_edmaErrIrqId                           0x00004e60   Data           1  fsl_edma_common.o(.constdata)
    g_rtcBase                                0x00004e64   Data           4  fsl_rtc_common.o(.constdata)
    g_rtcIrqId                               0x00004e68   Data           1  fsl_rtc_common.o(.constdata)
    g_rtcSecondsIrqId                        0x00004e69   Data           1  fsl_rtc_common.o(.constdata)
    kI2CDividerTable                         0x00004e6a   Data         200  fsl_i2c_hal.o(.constdata)
    g_simBase                                0x00004f7c   Data           4  fsl_clock_manager_common.o(.constdata)
    g_mcgBase                                0x00004f80   Data           4  fsl_clock_manager_common.o(.constdata)
    g_oscBase                                0x00004f84   Data           4  fsl_clock_manager_common.o(.constdata)
    Region$$Table$$Base                      0x00005328   Number         0  anon$$obj.o(Region$$Table)
    Region$$Table$$Limit                     0x00005348   Number         0  anon$$obj.o(Region$$Table)
    Image$$RW_m_data$$Base                   0x1fff0000   Number         0  anon$$obj.o ABSOLUTE
    seconds                                  0x20000000   Data           4  headsup.o(.data)
    words_correct                            0x20000004   Data           4  headsup.o(.data)
    words_incorrect                          0x20000008   Data           4  headsup.o(.data)
    list_ind                                 0x2000000c   Data           4  headsup.o(.data)
    mode                                     0x20000010   Data           4  headsup.o(.data)
    g_edma                                   0x20000018   Data           4  fsl_edma_driver.o(.data)
    g_xtal0ClkFreq                           0x2000001c   Data           4  fsl_mcg_hal.o(.data)
    g_xtalRtcClkFreq                         0x20000020   Data           4  fsl_mcg_hal.o(.data)
    g_fastInternalRefClkFreq                 0x20000024   Data           4  fsl_mcg_hal.o(.data)
    g_slowInternalRefClkFreq                 0x20000028   Data           4  fsl_mcg_hal.o(.data)
    SystemCoreClock                          0x2000002c   Data           4  system_mk64f12.o(.data)
    state                                    0x20000030   Data          12  headsup.o(.bss)
    sports                                   0x2000003c   Data         120  headsup.o(.bss)
    nerd                                     0x200000b4   Data         120  headsup.o(.bss)
    music                                    0x2000012c   Data         120  headsup.o(.bss)
    movies                                   0x200001a4   Data         120  headsup.o(.bss)
    _random_number_data                      0x2000028c   Data         228  rand.o(.bss)
    Image$$ARM_LIB_HEAP$$ZI$$Base            0x20000370   Number         0  anon$$obj.o ABSOLUTE
    Image$$ARM_LIB_HEAP$$ZI$$Limit           0x20000770   Number         0  anon$$obj.o ABSOLUTE
    Image$$ARM_LIB_STACK$$ZI$$Limit          0x20030000   Number         0  anon$$obj.o ABSOLUTE



==============================================================================

Memory Map of the image

  Image Entry point : 0x00000411

  Load Region LR_m_text (Base: 0x00000410, Size: 0x00004f68, Max: 0x000ffbf0, ABSOLUTE)

    Execution Region ER_m_text (Base: 0x00000410, Size: 0x00004f38, Max: 0x000ffbf0, ABSOLUTE)

    Base Addr    Size         Type   Attr      Idx    E Section Name        Object

    0x00000410   0x00000008   Code   RO         4069  * !!!main             c_w.l(__main.o)
    0x00000418   0x00000034   Code   RO         4301    !!!scatter          c_w.l(__scatter.o)
    0x0000044c   0x0000001a   Code   RO         4303    !!handler_copy      c_w.l(__scatter_copy.o)
    0x00000466   0x00000002   PAD
    0x00000468   0x0000001c   Code   RO         4305    !!handler_zi        c_w.l(__scatter_zi.o)
    0x00000484   0x00000002   Code   RO         4240    .ARM.Collect$$libinit$$00000000  c_w.l(libinit.o)
    0x00000486   0x00000004   Code   RO         4109    .ARM.Collect$$libinit$$00000001  c_w.l(libinit2.o)
    0x0000048a   0x00000000   Code   RO         4112    .ARM.Collect$$libinit$$00000004  c_w.l(libinit2.o)
    0x0000048a   0x00000000   Code   RO         4115    .ARM.Collect$$libinit$$0000000A  c_w.l(libinit2.o)
    0x0000048a   0x00000000   Code   RO         4117    .ARM.Collect$$libinit$$0000000C  c_w.l(libinit2.o)
    0x0000048a   0x00000004   Code   RO         4118    .ARM.Collect$$libinit$$0000000D  c_w.l(libinit2.o)
    0x0000048e   0x00000000   Code   RO         4119    .ARM.Collect$$libinit$$0000000E  c_w.l(libinit2.o)
    0x0000048e   0x00000000   Code   RO         4122    .ARM.Collect$$libinit$$00000011  c_w.l(libinit2.o)
    0x0000048e   0x00000000   Code   RO         4124    .ARM.Collect$$libinit$$00000013  c_w.l(libinit2.o)
    0x0000048e   0x00000000   Code   RO         4126    .ARM.Collect$$libinit$$00000015  c_w.l(libinit2.o)
    0x0000048e   0x00000000   Code   RO         4128    .ARM.Collect$$libinit$$00000017  c_w.l(libinit2.o)
    0x0000048e   0x00000000   Code   RO         4130    .ARM.Collect$$libinit$$00000019  c_w.l(libinit2.o)
    0x0000048e   0x00000000   Code   RO         4132    .ARM.Collect$$libinit$$0000001B  c_w.l(libinit2.o)
    0x0000048e   0x00000000   Code   RO         4134    .ARM.Collect$$libinit$$0000001D  c_w.l(libinit2.o)
    0x0000048e   0x00000000   Code   RO         4136    .ARM.Collect$$libinit$$0000001F  c_w.l(libinit2.o)
    0x0000048e   0x00000000   Code   RO         4138    .ARM.Collect$$libinit$$00000021  c_w.l(libinit2.o)
    0x0000048e   0x00000000   Code   RO         4140    .ARM.Collect$$libinit$$00000023  c_w.l(libinit2.o)
    0x0000048e   0x00000000   Code   RO         4142    .ARM.Collect$$libinit$$00000025  c_w.l(libinit2.o)
    0x0000048e   0x00000000   Code   RO         4146    .ARM.Collect$$libinit$$0000002C  c_w.l(libinit2.o)
    0x0000048e   0x00000000   Code   RO         4148    .ARM.Collect$$libinit$$0000002E  c_w.l(libinit2.o)
    0x0000048e   0x00000000   Code   RO         4150    .ARM.Collect$$libinit$$00000030  c_w.l(libinit2.o)
    0x0000048e   0x00000000   Code   RO         4152    .ARM.Collect$$libinit$$00000032  c_w.l(libinit2.o)
    0x0000048e   0x00000002   Code   RO         4153    .ARM.Collect$$libinit$$00000033  c_w.l(libinit2.o)
    0x00000490   0x00000002   Code   RO         4298    .ARM.Collect$$libshutdown$$00000000  c_w.l(libshutdown.o)
    0x00000492   0x00000000   Code   RO         4260    .ARM.Collect$$libshutdown$$00000002  c_w.l(libshutdown2.o)
    0x00000492   0x00000000   Code   RO         4262    .ARM.Collect$$libshutdown$$00000004  c_w.l(libshutdown2.o)
    0x00000492   0x00000000   Code   RO         4265    .ARM.Collect$$libshutdown$$00000007  c_w.l(libshutdown2.o)
    0x00000492   0x00000000   Code   RO         4268    .ARM.Collect$$libshutdown$$0000000A  c_w.l(libshutdown2.o)
    0x00000492   0x00000000   Code   RO         4270    .ARM.Collect$$libshutdown$$0000000C  c_w.l(libshutdown2.o)
    0x00000492   0x00000000   Code   RO         4273    .ARM.Collect$$libshutdown$$0000000F  c_w.l(libshutdown2.o)
    0x00000492   0x00000002   Code   RO         4274    .ARM.Collect$$libshutdown$$00000010  c_w.l(libshutdown2.o)
    0x00000494   0x00000000   Code   RO         4073    .ARM.Collect$$rtentry$$00000000  c_w.l(__rtentry.o)
    0x00000494   0x00000000   Code   RO         4164    .ARM.Collect$$rtentry$$00000002  c_w.l(__rtentry2.o)
    0x00000494   0x00000004   Code   RO         4178    .ARM.Collect$$rtentry$$00000007  c_w.l(__rtentry7.o)
    0x00000498   0x00000000   Code   RO         4166    .ARM.Collect$$rtentry$$00000009  c_w.l(__rtentry2.o)
    0x00000498   0x00000004   Code   RO         4167    .ARM.Collect$$rtentry$$0000000A  c_w.l(__rtentry2.o)
    0x0000049c   0x00000000   Code   RO         4169    .ARM.Collect$$rtentry$$0000000C  c_w.l(__rtentry2.o)
    0x0000049c   0x00000008   Code   RO         4170    .ARM.Collect$$rtentry$$0000000D  c_w.l(__rtentry2.o)
    0x000004a4   0x00000004   Code   RO         4179    .ARM.Collect$$rtentry$$00002718  c_w.l(__rtentry7.o)
    0x000004a8   0x00000002   Code   RO         4243    .ARM.Collect$$rtexit$$00000000  c_w.l(rtexit.o)
    0x000004aa   0x00000000   Code   RO         4276    .ARM.Collect$$rtexit$$00000002  c_w.l(rtexit2.o)
    0x000004aa   0x00000004   Code   RO         4277    .ARM.Collect$$rtexit$$00000003  c_w.l(rtexit2.o)
    0x000004ae   0x00000006   Code   RO         4278    .ARM.Collect$$rtexit$$00000004  c_w.l(rtexit2.o)
    0x000004b4   0x00000034   Code   RO         4054    .emb_text           c_w.l(rand.o)
    0x000004e8   0x00000038   Code   RO         3946    .text               startup_mk64f12.o
    0x00000520   0x0000003c   Code   RO         4055    .text               c_w.l(rand.o)
    0x0000055c   0x00000080   Code   RO         4059    .text               c_w.l(assert.o)
    0x000005dc   0x0000003e   Code   RO         4061    .text               c_w.l(strlen.o)
    0x0000061a   0x00000064   Code   RO         4063    .text               c_w.l(rt_memcpy_w.o)
    0x0000067e   0x0000004e   Code   RO         4067    .text               c_w.l(rt_memclr_w.o)
    0x000006cc   0x00000016   Code   RO         4103    .text               c_w.l(abort.o)
    0x000006e2   0x00000014   Code   RO         4105    .text               c_w.l(assert_puts.o)
    0x000006f6   0x0000000e   Code   RO         4154    .text               c_w.l(sys_wrch.o)
    0x00000704   0x0000000c   Code   RO         4158    .text               c_w.l(sys_exit.o)
    0x00000710   0x0000000e   Code   RO         4193    .text               c_w.l(defsig_abrt_outer.o)
    0x0000071e   0x00000002   Code   RO         4210    .text               c_w.l(use_no_semi.o)
    0x00000720   0x00000000   Code   RO         4212    .text               c_w.l(indicate_semi.o)
    0x00000720   0x00000012   Code   RO         4219    .text               c_w.l(exit.o)
    0x00000732   0x0000000a   Code   RO         4221    .text               c_w.l(defsig_exit.o)
    0x0000073c   0x00000030   Code   RO         4223    .text               c_w.l(defsig_abrt_inner.o)
    0x0000076c   0x00000032   Code   RO         4251    .text               c_w.l(defsig_general.o)
    0x0000079e   0x00000002   PAD
    0x000007a0   0x000000e0   Code   RO          179    i.Accelerometer_GetState  fxos8700.o
    0x00000880   0x00000024   Code   RO          180    i.Accelerometer_Initialize  fxos8700.o
    0x000008a4   0x00000068   Code   RO          688    i.BOARD_ClockInit   board.o
    0x0000090c   0x00000018   Code   RO          689    i.BOARD_InitOsc0    board.o
    0x00000924   0x00000018   Code   RO          690    i.BOARD_InitRtcOsc  board.o
    0x0000093c   0x00000040   Code   RO         2178    i.CLOCK_HAL_EnablePll0InFllMode  fsl_mcg_hal.o
    0x0000097c   0x0000000a   Code   RO         2324    i.CLOCK_HAL_GetClkOutStat  fsl_mcg_hal_modes.o
    0x00000986   0x0000000a   Code   RO         3578    i.CLOCK_HAL_GetClkOutStat  fsl_clock_manager.o
    0x00000990   0x00000052   Code   RO         2182    i.CLOCK_HAL_GetFllClk  fsl_mcg_hal.o
    0x000009e2   0x00000002   PAD
    0x000009e4   0x0000004c   Code   RO         2183    i.CLOCK_HAL_GetFllRefClk  fsl_mcg_hal.o
    0x00000a30   0x0000000e   Code   RO         2325    i.CLOCK_HAL_GetFllSrc  fsl_mcg_hal_modes.o
    0x00000a3e   0x00000002   PAD
    0x00000a40   0x0000003c   Code   RO         2184    i.CLOCK_HAL_GetInternalRefClk  fsl_mcg_hal.o
    0x00000a7c   0x0000000e   Code   RO         2185    i.CLOCK_HAL_GetInternalRefClkMode  fsl_mcg_hal.o
    0x00000a8a   0x0000000e   Code   RO         2326    i.CLOCK_HAL_GetInternalRefClkMode  fsl_mcg_hal_modes.o
    0x00000a98   0x00000012   Code   RO         2186    i.CLOCK_HAL_GetMcgExternalClkFreq  fsl_mcg_hal.o
    0x00000aaa   0x00000096   Code   RO         2327    i.CLOCK_HAL_GetMcgMode  fsl_mcg_hal_modes.o
    0x00000b40   0x0000004e   Code   RO         2187    i.CLOCK_HAL_GetOutClk  fsl_mcg_hal.o
    0x00000b8e   0x00000044   Code   RO         2188    i.CLOCK_HAL_GetPll0Clk  fsl_mcg_hal.o
    0x00000bd2   0x0000000c   Code   RO         2189    i.CLOCK_HAL_GetPll0RefFreq  fsl_mcg_hal.o
    0x00000bde   0x00000016   Code   RO         2328    i.CLOCK_HAL_IsOsc0Stable  fsl_mcg_hal_modes.o
    0x00000bf4   0x00000016   Code   RO         2329    i.CLOCK_HAL_IsPllSelected  fsl_mcg_hal_modes.o
    0x00000c0a   0x0000002a   Code   RO         2330    i.CLOCK_HAL_PrepareOsc  fsl_mcg_hal_modes.o
    0x00000c34   0x0000000a   Code   RO         3579    i.CLOCK_HAL_SetClkOutSrc  fsl_clock_manager.o
    0x00000c3e   0x000000e4   Code   RO         2333    i.CLOCK_HAL_SetFbeMode  fsl_mcg_hal_modes.o
    0x00000d22   0x00000002   PAD
    0x00000d24   0x000000b4   Code   RO         2334    i.CLOCK_HAL_SetFbiMode  fsl_mcg_hal_modes.o
    0x00000dd8   0x0000000c   Code   RO         2190    i.CLOCK_HAL_SetInternalRefClkMode  fsl_mcg_hal.o
    0x00000de4   0x0000000c   Code   RO         3580    i.CLOCK_HAL_SetLowPowerModeCmd  fsl_clock_manager.o
    0x00000df0   0x00000024   Code   RO         2191    i.CLOCK_HAL_SetOsc0Mode  fsl_mcg_hal.o
    0x00000e14   0x00000038   Code   RO         2602    i.CLOCK_HAL_SetOutDiv  fsl_sim_hal_mk64f12.o
    0x00000e4c   0x000000e8   Code   RO         2337    i.CLOCK_HAL_SetPbeMode  fsl_mcg_hal_modes.o
    0x00000f34   0x00000046   Code   RO         2192    i.CLOCK_HAL_TestFllExternalRefFreq  fsl_mcg_hal.o
    0x00000f7a   0x00000002   PAD
    0x00000f7c   0x00000038   Code   RO         2193    i.CLOCK_HAL_TestFllFreq  fsl_mcg_hal.o
    0x00000fb4   0x00000034   Code   RO         2194    i.CLOCK_HAL_TestOscFreq  fsl_mcg_hal.o
    0x00000fe8   0x00000068   Code   RO         2196    i.CLOCK_HAL_UpdateFastClkInternalRefDiv  fsl_mcg_hal.o
    0x00001050   0x0000006c   Code   RO         3261    i.CLOCK_SYS_EnablePortClock  fsl_clock_mk64f12.o
    0x000010bc   0x0000006c   Code   RO         3263    i.CLOCK_SYS_EnableUartClock  fsl_clock_mk64f12.o
    0x00001128   0x0000001e   Code   RO         3264    i.CLOCK_SYS_FllStableDelay  fsl_clock_mk64f12.o
    0x00001146   0x00000002   PAD
    0x00001148   0x00000024   Code   RO         3266    i.CLOCK_SYS_GetBusClockFreq  fsl_clock_mk64f12.o
    0x0000116c   0x00000020   Code   RO         3267    i.CLOCK_SYS_GetCoreClockFreq  fsl_clock_mk64f12.o
    0x0000118c   0x00000020   Code   RO         3288    i.CLOCK_SYS_GetSystemClockFreq  fsl_clock_mk64f12.o
    0x000011ac   0x0000002e   Code   RO         3290    i.CLOCK_SYS_GetUartFreq  fsl_clock_mk64f12.o
    0x000011da   0x00000002   PAD
    0x000011dc   0x000000d0   Code   RO         3585    i.CLOCK_SYS_OscInit  fsl_clock_manager.o
    0x000012ac   0x000000fc   Code   RO         3587    i.CLOCK_SYS_RtcOscInit  fsl_clock_manager.o
    0x000013a8   0x00000068   Code   RO         3294    i.CLOCK_SYS_SetConfiguration  fsl_clock_mk64f12.o
    0x00001410   0x00000158   Code   RO         3588    i.CLOCK_SYS_SetMcgMode  fsl_clock_manager.o
    0x00001568   0x00000048   Code   RO         3589    i.CLOCK_SYS_SetMcgPeeToFbe  fsl_clock_manager.o
    0x000015b0   0x00000024   Code   RO         3590    i.CLOCK_SYS_SetOscerConfigration  fsl_clock_manager.o
    0x000015d4   0x00000040   Code   RO         3295    i.CLOCK_SYS_SetSimConfigration  fsl_clock_mk64f12.o
    0x00001614   0x0000000a   Code   RO         1144    i.DMA0_IRQHandler   fsl_edma_irq.o
    0x0000161e   0x0000000a   Code   RO         1145    i.DMA10_IRQHandler  fsl_edma_irq.o
    0x00001628   0x0000000a   Code   RO         1146    i.DMA11_IRQHandler  fsl_edma_irq.o
    0x00001632   0x0000000a   Code   RO         1147    i.DMA12_IRQHandler  fsl_edma_irq.o
    0x0000163c   0x0000000a   Code   RO         1148    i.DMA13_IRQHandler  fsl_edma_irq.o
    0x00001646   0x0000000a   Code   RO         1149    i.DMA14_IRQHandler  fsl_edma_irq.o
    0x00001650   0x0000000a   Code   RO         1150    i.DMA15_IRQHandler  fsl_edma_irq.o
    0x0000165a   0x0000000a   Code   RO         1151    i.DMA1_IRQHandler   fsl_edma_irq.o
    0x00001664   0x0000000a   Code   RO         1152    i.DMA2_IRQHandler   fsl_edma_irq.o
    0x0000166e   0x0000000a   Code   RO         1153    i.DMA3_IRQHandler   fsl_edma_irq.o
    0x00001678   0x0000000a   Code   RO         1154    i.DMA4_IRQHandler   fsl_edma_irq.o
    0x00001682   0x0000000a   Code   RO         1155    i.DMA5_IRQHandler   fsl_edma_irq.o
    0x0000168c   0x0000000a   Code   RO         1156    i.DMA6_IRQHandler   fsl_edma_irq.o
    0x00001696   0x0000000a   Code   RO         1157    i.DMA7_IRQHandler   fsl_edma_irq.o
    0x000016a0   0x0000000a   Code   RO         1158    i.DMA8_IRQHandler   fsl_edma_irq.o
    0x000016aa   0x0000000a   Code   RO         1159    i.DMA9_IRQHandler   fsl_edma_irq.o
    0x000016b4   0x00000054   Code   RO          981    i.DMAMUX_HAL_SetChannelCmd  fsl_edma_driver.o
    0x00001708   0x000000bc   Code   RO         3782    i.DbgConsole_Init   fsl_debug_console.o
    0x000017c4   0x000000f4   Code   RO          982    i.EDMA_DRV_ClaimChannel  fsl_edma_driver.o
    0x000018b8   0x00000034   Code   RO          983    i.EDMA_DRV_ClearIntStatus  fsl_edma_driver.o
    0x000018ec   0x0000002c   Code   RO          988    i.EDMA_DRV_IRQHandler  fsl_edma_driver.o
    0x00001918   0x0000000a   Code   RO          990    i.EDMA_DRV_InstallCallback  fsl_edma_driver.o
    0x00001922   0x00000002   PAD
    0x00001924   0x00000038   Code   RO          249    i.EDMA_DRV_PrepareDescriptorTransfer  i2c_mk64f.o
    0x0000195c   0x00000034   Code   RO          993    i.EDMA_DRV_PushDescriptorToReg  fsl_edma_driver.o
    0x00001990   0x000000a4   Code   RO          995    i.EDMA_DRV_RequestChannel  fsl_edma_driver.o
    0x00001a34   0x00000028   Code   RO          996    i.EDMA_DRV_StartChannel  fsl_edma_driver.o
    0x00001a5c   0x00000072   Code   RO         1780    i.EDMA_HAL_HTCDClearReg  fsl_edma_hal.o
    0x00001ace   0x00000002   PAD
    0x00001ad0   0x000000e8   Code   RO         1793    i.EDMA_HAL_PushSTCDToHTCD  fsl_edma_hal.o
    0x00001bb8   0x00000054   Code   RO         1794    i.EDMA_HAL_STCDSetAttribute  fsl_edma_hal.o
    0x00001c0c   0x0000002c   Code   RO          250    i.EDMA_HAL_STCDSetBandwidth  i2c_mk64f.o
    0x00001c38   0x00000148   Code   RO         1795    i.EDMA_HAL_STCDSetBasicTransfer  fsl_edma_hal.o
    0x00001d80   0x0000003c   Code   RO          251    i.EDMA_HAL_STCDSetChannelMajorLink  i2c_mk64f.o
    0x00001dbc   0x00000030   Code   RO          252    i.EDMA_HAL_STCDSetDisableDmaRequestAfterTCDDoneCmd  i2c_mk64f.o
    0x00001dec   0x00000030   Code   RO          253    i.EDMA_HAL_STCDSetHalfCompleteIntCmd  i2c_mk64f.o
    0x00001e1c   0x00000050   Code   RO         1797    i.EDMA_HAL_STCDSetMajorCount  fsl_edma_hal.o
    0x00001e6c   0x00000050   Code   RO         1799    i.EDMA_HAL_STCDSetNbytes  fsl_edma_hal.o
    0x00001ebc   0x00000030   Code   RO          254    i.EDMA_HAL_STCDSetScatterGatherCmd  i2c_mk64f.o
    0x00001eec   0x00000074   Code   RO         1800    i.EDMA_HAL_STCDSetScatterGatherLink  fsl_edma_hal.o
    0x00001f60   0x0000000a   Code   RO         1801    i.EDMA_HAL_SetDmaRequestCmd  fsl_edma_hal.o
    0x00001f6a   0x0000000a   Code   RO         1802    i.EDMA_HAL_SetErrorIntCmd  fsl_edma_hal.o
    0x00001f74   0x00000030   Code   RO          255    i.GPIO_HAL_ClearPinOutput  i2c_mk64f.o
    0x00001fa4   0x00000034   Code   RO          256    i.GPIO_HAL_ReadPinInput  i2c_mk64f.o
    0x00001fd8   0x00000044   Code   RO         1955    i.GPIO_HAL_SetPinDir  fsl_gpio_hal.o
    0x0000201c   0x00000030   Code   RO          257    i.GPIO_HAL_SetPinOutput  i2c_mk64f.o
    0x0000204c   0x00000018   Code   RO          258    i.I2C0_Control      i2c_mk64f.o
    0x00002064   0x00000010   Code   RO          259    i.I2C0_GetDataCount  i2c_mk64f.o
    0x00002074   0x00000010   Code   RO          260    i.I2C0_GetStatus    i2c_mk64f.o
    0x00002084   0x00000010   Code   RO          261    i.I2C0_IRQHandler   i2c_mk64f.o
    0x00002094   0x00000014   Code   RO          262    i.I2C0_Initialize   i2c_mk64f.o
    0x000020a8   0x00000020   Code   RO          263    i.I2C0_MasterReceive  i2c_mk64f.o
    0x000020c8   0x00000020   Code   RO          264    i.I2C0_MasterTransmit  i2c_mk64f.o
    0x000020e8   0x00000014   Code   RO          265    i.I2C0_PowerControl  i2c_mk64f.o
    0x000020fc   0x00000018   Code   RO          266    i.I2C0_SlaveReceive  i2c_mk64f.o
    0x00002114   0x00000018   Code   RO          267    i.I2C0_SlaveTransmit  i2c_mk64f.o
    0x0000212c   0x00000010   Code   RO          268    i.I2C0_Uninitialize  i2c_mk64f.o
    0x0000213c   0x00000018   Code   RO          269    i.I2C1_Control      i2c_mk64f.o
    0x00002154   0x00000010   Code   RO          270    i.I2C1_GetDataCount  i2c_mk64f.o
    0x00002164   0x00000010   Code   RO          271    i.I2C1_GetStatus    i2c_mk64f.o
    0x00002174   0x00000010   Code   RO          272    i.I2C1_IRQHandler   i2c_mk64f.o
    0x00002184   0x00000014   Code   RO          273    i.I2C1_Initialize   i2c_mk64f.o
    0x00002198   0x00000020   Code   RO          274    i.I2C1_MasterReceive  i2c_mk64f.o
    0x000021b8   0x00000020   Code   RO          275    i.I2C1_MasterTransmit  i2c_mk64f.o
    0x000021d8   0x00000014   Code   RO          276    i.I2C1_PowerControl  i2c_mk64f.o
    0x000021ec   0x00000018   Code   RO          277    i.I2C1_SlaveReceive  i2c_mk64f.o
    0x00002204   0x00000018   Code   RO          278    i.I2C1_SlaveTransmit  i2c_mk64f.o
    0x0000221c   0x00000010   Code   RO          279    i.I2C1_Uninitialize  i2c_mk64f.o
    0x0000222c   0x00000018   Code   RO          280    i.I2C2_Control      i2c_mk64f.o
    0x00002244   0x00000010   Code   RO          281    i.I2C2_GetDataCount  i2c_mk64f.o
    0x00002254   0x00000010   Code   RO          282    i.I2C2_GetStatus    i2c_mk64f.o
    0x00002264   0x00000010   Code   RO          283    i.I2C2_IRQHandler   i2c_mk64f.o
    0x00002274   0x00000014   Code   RO          284    i.I2C2_Initialize   i2c_mk64f.o
    0x00002288   0x00000020   Code   RO          285    i.I2C2_MasterReceive  i2c_mk64f.o
    0x000022a8   0x00000020   Code   RO          286    i.I2C2_MasterTransmit  i2c_mk64f.o
    0x000022c8   0x00000014   Code   RO          287    i.I2C2_PowerControl  i2c_mk64f.o
    0x000022dc   0x00000018   Code   RO          288    i.I2C2_SlaveReceive  i2c_mk64f.o
    0x000022f4   0x00000018   Code   RO          289    i.I2C2_SlaveTransmit  i2c_mk64f.o
    0x0000230c   0x00000010   Code   RO          290    i.I2C2_Uninitialize  i2c_mk64f.o
    0x0000231c   0x0000000c   Code   RO          291    i.I2CX_GetCapabilities  i2c_mk64f.o
    0x00002328   0x00000010   Code   RO          292    i.I2CX_GetVersion   i2c_mk64f.o
    0x00002338   0x000001f4   Code   RO          293    i.I2C_Control       i2c_mk64f.o
    0x0000252c   0x00000014   Code   RO          294    i.I2C_GetDataCount  i2c_mk64f.o
    0x00002540   0x00000008   Code   RO          295    i.I2C_GetStatus     i2c_mk64f.o
    0x00002548   0x00000006   Code   RO          296    i.I2C_HAL_ClearInt  i2c_mk64f.o
    0x0000254e   0x0000000c   Code   RO          297    i.I2C_HAL_GetStatusFlag  i2c_mk64f.o
    0x0000255a   0x0000000c   Code   RO         1989    i.I2C_HAL_GetStatusFlag  fsl_i2c_hal.o
    0x00002566   0x0000001e   Code   RO         1990    i.I2C_HAL_Init      fsl_i2c_hal.o
    0x00002584   0x00000016   Code   RO          298    i.I2C_HAL_IsMaster  i2c_mk64f.o
    0x0000259a   0x00000006   Code   RO          299    i.I2C_HAL_ReadByte  i2c_mk64f.o
    0x000025a0   0x0000000e   Code   RO          300    i.I2C_HAL_SendAck   i2c_mk64f.o
    0x000025ae   0x0000000e   Code   RO          301    i.I2C_HAL_SendNak   i2c_mk64f.o
    0x000025bc   0x00000024   Code   RO         1998    i.I2C_HAL_SendStart  fsl_i2c_hal.o
    0x000025e0   0x0000006c   Code   RO         1999    i.I2C_HAL_SendStop  fsl_i2c_hal.o
    0x0000264c   0x00000022   Code   RO         2000    i.I2C_HAL_SetAddress10bit  fsl_i2c_hal.o
    0x0000266e   0x00000014   Code   RO         2001    i.I2C_HAL_SetAddress7bit  fsl_i2c_hal.o
    0x00002682   0x00000002   PAD
    0x00002684   0x000000a8   Code   RO         2002    i.I2C_HAL_SetBaudRate  fsl_i2c_hal.o
    0x0000272c   0x0000000c   Code   RO          302    i.I2C_HAL_SetDirMode  i2c_mk64f.o
    0x00002738   0x0000000c   Code   RO          303    i.I2C_HAL_SetDmaCmd  i2c_mk64f.o
    0x00002744   0x0000000c   Code   RO          304    i.I2C_HAL_SetIntCmd  i2c_mk64f.o
    0x00002750   0x00000004   Code   RO          305    i.I2C_HAL_WriteByte  i2c_mk64f.o
    0x00002754   0x000000f8   Code   RO          306    i.I2C_Initialize    i2c_mk64f.o
    0x0000284c   0x0000013e   Code   RO          307    i.I2C_MasterReceive  i2c_mk64f.o
    0x0000298a   0x0000013e   Code   RO          308    i.I2C_MasterTransmit  i2c_mk64f.o
    0x00002ac8   0x00000168   Code   RO          309    i.I2C_PowerControl  i2c_mk64f.o
    0x00002c30   0x00000050   Code   RO          310    i.I2C_SlaveReceive  i2c_mk64f.o
    0x00002c80   0x00000050   Code   RO          311    i.I2C_SlaveTransmit  i2c_mk64f.o
    0x00002cd0   0x0000000a   Code   RO          312    i.I2C_Uninitialize  i2c_mk64f.o
    0x00002cda   0x00000002   PAD
    0x00002cdc   0x00000060   Code   RO          313    i.I2Cx_DMA_Callback  i2c_mk64f.o
    0x00002d3c   0x00000492   Code   RO          314    i.I2Cx_IRQHandler   i2c_mk64f.o
    0x000031ce   0x00000002   PAD
    0x000031d0   0x00000094   Code   RO          182    i.Initialize        fxos8700.o
    0x00003264   0x0000000c   Code   RO         2430    i.OSC_HAL_SetCapacitor  fsl_osc_hal.o
    0x00003270   0x0000000a   Code   RO         3592    i.OSC_HAL_SetExternalRefClkCmd  fsl_clock_manager.o
    0x0000327a   0x0000000a   Code   RO         3593    i.OSC_HAL_SetExternalRefClkInStopModeCmd  fsl_clock_manager.o
    0x00003284   0x00000054   Code   RO            7    i.PIT0_IRQHandler   headsup.o
    0x000032d8   0x00000100   Code   RO            8    i.PIT1_IRQHandler   headsup.o
    0x000033d8   0x00000020   Code   RO            9    i.PORTA_IRQHandler  headsup.o
    0x000033f8   0x00000044   Code   RO          315    i.PORT_HAL_SetMuxMode  i2c_mk64f.o
    0x0000343c   0x00000044   Code   RO          792    i.PORT_HAL_SetMuxMode  pin_mux.o
    0x00003480   0x00000038   Code   RO          316    i.PORT_HAL_SetOpenDrainCmd  i2c_mk64f.o
    0x000034b8   0x00000058   Code   RO          317    i.PTx_Base          i2c_mk64f.o
    0x00003510   0x0000000e   Code   RO         3594    i.RTC_HAL_SetOscillatorCmd  fsl_clock_manager.o
    0x0000351e   0x00000002   PAD
    0x00003520   0x00000070   Code   RO          186    i.Register_Read     fxos8700.o
    0x00003590   0x00000048   Code   RO          187    i.Register_Write    fxos8700.o
    0x000035d8   0x00000022   Code   RO         3297    i.SIM_HAL_EnableClock  fsl_clock_mk64f12.o
    0x000035fa   0x00000002   PAD
    0x000035fc   0x000001c4   Code   RO         3953    i.SystemCoreClockUpdate  system_mk64f12.o
    0x000037c0   0x0000002c   Code   RO         3954    i.SystemInit        system_mk64f12.o
    0x000037ec   0x0000000c   Code   RO         2766    i.UART_HAL_Getchar  fsl_uart_hal.o
    0x000037f8   0x0000000a   Code   RO         2770    i.UART_HAL_Putchar  fsl_uart_hal.o
    0x00003802   0x00000056   Code   RO         2772    i.UART_HAL_ReceiveDataPolling  fsl_uart_hal.o
    0x00003858   0x0000002e   Code   RO         2776    i.UART_HAL_SendDataPolling  fsl_uart_hal.o
    0x00003886   0x00000044   Code   RO         2777    i.UART_HAL_SetBaudRate  fsl_uart_hal.o
    0x000038ca   0x0000001c   Code   RO         2784    i.UART_HAL_SetParityMode  fsl_uart_hal.o
    0x000038e6   0x0000001a   Code   RO           10    i.__NVIC_EnableIRQ  headsup.o
    0x00003900   0x00000028   Code   RO           11    i.__NVIC_SetPriority  headsup.o
    0x00003928   0x00000564   Code   RO         3874    i._doprint          print_scan.o
    0x00003e8c   0x00000048   Code   RO          811    i.configure_uart_pins  pin_mux.o
    0x00003ed4   0x00000016   Code   RO          691    i.dbg_uart_init     board.o
    0x00003eea   0x00000002   PAD
    0x00003eec   0x0000003c   Code   RO         3784    i.debug_printf      fsl_debug_console.o
    0x00003f28   0x0000002c   Code   RO         3785    i.debug_putc        fsl_debug_console.o
    0x00003f54   0x00000030   Code   RO         3876    i.fput_pad          print_scan.o
    0x00003f84   0x0000006c   Code   RO           12    i.game_over         headsup.o
    0x00003ff0   0x0000001e   Code   RO         3923    i.hardware_init     hardware_init.o
    0x0000400e   0x00000002   PAD
    0x00004010   0x00000048   Code   RO          932    i.init_data_bss     startup.o
    0x00004058   0x00000b08   Code   RO           13    i.main              headsup.o
    0x00004b60   0x000000a6   Code   RO         3877    i.mknumstr          print_scan.o
    0x00004c06   0x00000002   PAD
    0x00004c08   0x00000044   Code   RO           14    i.print_next        headsup.o
    0x00004c4c   0x00000032   Code   RO           15    i.shuffle           headsup.o
    0x00004c7e   0x00000002   PAD
    0x00004c80   0x00000064   Code   RO           16    i.timer_setup       headsup.o
    0x00004ce4   0x0000000a   Code   RO         4208    x$fpl$fpinit        fz_wm.l(fpinit.o)
    0x00004cee   0x00000002   PAD
    0x00004cf0   0x00000110   Data   RO          319    .constdata          i2c_mk64f.o
    0x00004e00   0x00000048   Data   RO          692    .constdata          board.o
    0x00004e48   0x00000019   Data   RO          960    .constdata          fsl_edma_common.o
    0x00004e61   0x00000003   PAD
    0x00004e64   0x00000006   Data   RO         1415    .constdata          fsl_rtc_common.o
    0x00004e6a   0x000000c8   Data   RO         2007    .constdata          fsl_i2c_hal.o
    0x00004f32   0x00000030   Data   RO         2197    .constdata          fsl_mcg_hal.o
    0x00004f62   0x00000019   Data   RO         3299    .constdata          fsl_clock_mk64f12.o
    0x00004f7b   0x00000001   PAD
    0x00004f7c   0x0000000c   Data   RO         3713    .constdata          fsl_clock_manager_common.o
    0x00004f88   0x00000018   Data   RO         3791    .constdata          fsl_debug_console.o
    0x00004fa0   0x00000080   Data   RO           18    .conststring        headsup.o
    0x00005020   0x000000ef   Data   RO          320    .conststring        i2c_mk64f.o
    0x0000510f   0x00000001   PAD
    0x00005110   0x00000051   Data   RO         1002    .conststring        fsl_edma_driver.o
    0x00005161   0x00000003   PAD
    0x00005164   0x00000054   Data   RO         1803    .conststring        fsl_edma_hal.o
    0x000051b8   0x00000054   Data   RO         1957    .conststring        fsl_gpio_hal.o
    0x0000520c   0x00000052   Data   RO         2008    .conststring        fsl_i2c_hal.o
    0x0000525e   0x00000002   PAD
    0x00005260   0x00000065   Data   RO         3300    .conststring        fsl_clock_mk64f12.o
    0x000052c5   0x00000003   PAD
    0x000052c8   0x0000005d   Data   RO         3596    .conststring        fsl_clock_manager.o
    0x00005325   0x00000003   PAD
    0x00005328   0x00000020   Data   RO         4299    Region$$Table       anon$$obj.o


    Execution Region RW_m_data (Base: 0x1fff0000, Size: 0x00000000, Max: 0x00010000, ABSOLUTE)

    **** No section assigned to this execution region ****


    Execution Region RW_m_data_2 (Base: 0x20000000, Size: 0x00000370, Max: 0x0002f800, ABSOLUTE)

    Base Addr    Size         Type   Attr      Idx    E Section Name        Object

    0x20000000   0x00000014   Data   RW           19    .data               headsup.o
    0x20000014   0x00000001   Data   RW          188    .data               fxos8700.o
    0x20000015   0x00000003   PAD
    0x20000018   0x00000004   Data   RW         1003    .data               fsl_edma_driver.o
    0x2000001c   0x00000010   Data   RW         2198    .data               fsl_mcg_hal.o
    0x2000002c   0x00000004   Data   RW         3955    .data               system_mk64f12.o
    0x20000030   0x000001ec   Zero   RW           17    .bss                headsup.o
    0x2000021c   0x00000060   Zero   RW          318    .bss                i2c_mk64f.o
    0x2000027c   0x00000010   Zero   RW         3790    .bss                fsl_debug_console.o
    0x2000028c   0x000000e4   Zero   RW         4056    .bss                c_w.l(rand.o)


    Execution Region ARM_LIB_HEAP (Base: 0x20000370, Size: 0x00000400, Max: 0x00000400, ABSOLUTE)

    Base Addr    Size         Type   Attr      Idx    E Section Name        Object

    0x20000370   0x00000400   Zero   RW            1    ARM_LIB_HEAP.bss    anon$$obj.o


    Execution Region ARM_LIB_STACK (Base: 0x2002fc00, Size: 0x00000400, Max: 0x00000400, ABSOLUTE)

    Base Addr    Size         Type   Attr      Idx    E Section Name        Object

    0x2002fc00   0x00000400   Zero   RW            2    ARM_LIB_STACK.bss   anon$$obj.o



  Load Region LR_m_interrupts (Base: 0x00000000, Size: 0x00000400, Max: 0x00000400, ABSOLUTE)

    Execution Region VECTOR_RAM (Base: 0x00000000, Size: 0x00000000, Max: 0x00000000, ABSOLUTE)

    Base Addr    Size         Type   Attr      Idx    E Section Name        Object

    0x00000000   0x00000000   Zero   RW            3    VECTOR_RAM.bss      anon$$obj.o


    Execution Region VECTOR_ROM (Base: 0x00000000, Size: 0x00000400, Max: 0x00000400, ABSOLUTE)

    Base Addr    Size         Type   Attr      Idx    E Section Name        Object

    0x00000000   0x00000400   Data   RO         3944    RESET               startup_mk64f12.o



  Load Region LR_m_flash_config (Base: 0x00000400, Size: 0x00000010, Max: 0x00000010, ABSOLUTE)

    Execution Region ER_m_flash_config (Base: 0x00000400, Size: 0x00000010, Max: 0x00000010, ABSOLUTE)

    Base Addr    Size         Type   Attr      Idx    E Section Name        Object

    0x00000400   0x00000010   Data   RO         3945    FlashConfig         startup_mk64f12.o


==============================================================================

Image component sizes


      Code (inc. data)   RO Data    RW Data    ZI Data      Debug   Object Name

       174         40         72          0          0      28275   board.o
       978        110         93          0          0      29917   fsl_clock_manager.o
         0          0         12          0          0        904   fsl_clock_manager_common.o
       594        222        126          0          0      29059   fsl_clock_mk64f12.o
       292         30         24          0         16      15026   fsl_debug_console.o
         0          0         25          0          0        913   fsl_edma_common.o
       690        130         81          4          0      17700   fsl_edma_driver.o
      1054        154         84          0          0      14822   fsl_edma_hal.o
       160          0          0          0          0       9086   fsl_edma_irq.o
        68         16         84          0          0       1133   fsl_gpio_hal.o
       408         40        282          0          0       8630   fsl_i2c_hal.o
       802         40         48         16          0      16914   fsl_mcg_hal.o
       914         14          0          0          0      12600   fsl_mcg_hal_modes.o
         0          0          0          0          0       9164   fsl_os_abstraction_bm.o
        12          0          0          0          0       1011   fsl_osc_hal.o
         0          0          6          0          0        781   fsl_rtc_common.o
        56          0          0          0          0       1458   fsl_sim_hal_mk64f12.o
       250          0          0          0          0      12807   fsl_uart_hal.o
       592         30          0          1          0       5359   fxos8700.o
        30          0          0          0          0        548   hardware_init.o
      3588       2188        128         20        492     663835   headsup.o
      4734        410        511          0         96     117766   i2c_mk64f.o
       140         30          0          0          0       3258   pin_mux.o
      1594         26          0          0          0       5795   print_scan.o
        72         18          0          0          0        580   startup.o
        56         18       1040          0          0        864   startup_mk64f12.o
       496         44          0          4          0       1663   system_mk64f12.o

    ----------------------------------------------------------------------
     17788       3560       2664         48       2652    1009868   Object Totals
         0          0         32          0       2048          0   (incl. Generated)
        34          0         16          3          0          0   (incl. Padding)

    ----------------------------------------------------------------------

      Code (inc. data)   RO Data    RW Data    ZI Data      Debug   Library Member Name

         8          0          0          0          0         68   __main.o
         0          0          0          0          0          0   __rtentry.o
        12          0          0          0          0          0   __rtentry2.o
         8          4          0          0          0          0   __rtentry7.o
        52          8          0          0          0          0   __scatter.o
        26          0          0          0          0          0   __scatter_copy.o
        28          0          0          0          0          0   __scatter_zi.o
        22          0          0          0          0         80   abort.o
       128         42          0          0          0         76   assert.o
        20          0          0          0          0         76   assert_puts.o
        48         34          0          0          0         76   defsig_abrt_inner.o
        14          0          0          0          0         80   defsig_abrt_outer.o
        10          0          0          0          0         68   defsig_exit.o
        50          0          0          0          0         88   defsig_general.o
        18          0          0          0          0         80   exit.o
         0          0          0          0          0          0   indicate_semi.o
         2          0          0          0          0          0   libinit.o
        10          0          0          0          0          0   libinit2.o
         2          0          0          0          0          0   libshutdown.o
         2          0          0          0          0          0   libshutdown2.o
       112         18          0          0        228        160   rand.o
        78          0          0          0          0         80   rt_memclr_w.o
       100          0          0          0          0         80   rt_memcpy_w.o
         2          0          0          0          0          0   rtexit.o
        10          0          0          0          0          0   rtexit2.o
        62          0          0          0          0         76   strlen.o
        12          4          0          0          0         68   sys_exit.o
        14          0          0          0          0         76   sys_wrch.o
         2          0          0          0          0         68   use_no_semi.o
        10          0          0          0          0        116   fpinit.o

    ----------------------------------------------------------------------
       868        110          0          0        228       1416   Library Totals
         6          0          0          0          0          0   (incl. Padding)

    ----------------------------------------------------------------------

      Code (inc. data)   RO Data    RW Data    ZI Data      Debug   Library Name

       852        110          0          0        228       1300   c_w.l
        10          0          0          0          0        116   fz_wm.l

    ----------------------------------------------------------------------
       868        110          0          0        228       1416   Library Totals

    ----------------------------------------------------------------------

==============================================================================


      Code (inc. data)   RO Data    RW Data    ZI Data      Debug   

     18656       3670       2664         48       2880     991508   Grand Totals
     18656       3670       2664         48       2880     991508   ELF Image Totals
     18656       3670       2664         48          0          0   ROM Totals

==============================================================================

    Total RO  Size (Code + RO Data)                21320 (  20.82kB)
    Total RW  Size (RW Data + ZI Data)              2928 (   2.86kB)
    Total ROM Size (Code + RO Data + RW Data)      21368 (  20.87kB)

==============================================================================

